 direct_window

 Timestamp is 5b0d00a3 (Tue May 29 00:26:27 2018)

 Preferred load address is 0000000180000000

 Start         Length     Name                   Class
 0001:00000000 0000f9a0H .text$mn                CODE
 0001:0000f9a0 00000020H .text$mn$00             CODE
 0001:0000f9c0 000002b0H .text$x                 CODE
 0002:00000000 00000260H .idata$5                DATA
 0002:00000260 00000010H .00cfg                  DATA
 0002:00000270 00000008H .CRT$XCA                DATA
 0002:00000278 00000008H .CRT$XCU                DATA
 0002:00000280 00000008H .CRT$XCZ                DATA
 0002:00000288 00000008H .CRT$XIA                DATA
 0002:00000290 00000018H .CRT$XIC                DATA
 0002:000002a8 00000008H .CRT$XIZ                DATA
 0002:000002b0 00000008H .CRT$XPA                DATA
 0002:000002b8 00000018H .CRT$XPX                DATA
 0002:000002d0 00000008H .CRT$XPXA               DATA
 0002:000002d8 00000008H .CRT$XPZ                DATA
 0002:000002e0 00000008H .CRT$XTA                DATA
 0002:000002e8 00000008H .CRT$XTZ                DATA
 0002:000002f0 00007eb8H .rdata                  DATA
 0002:000081a8 00000000H .rdata$r                DATA
 0002:000081a8 000003a0H .rdata$zzzdbg           DATA
 0002:00008548 00000008H .rtc$IAA                DATA
 0002:00008550 00000008H .rtc$IZZ                DATA
 0002:00008558 00000008H .rtc$TAA                DATA
 0002:00008560 00000008H .rtc$TZZ                DATA
 0002:00008568 00000d4cH .xdata                  DATA
 0002:000092b4 00000020H .didat$2                DATA
 0002:000092d4 00000024H .didat$3                DATA
 0002:000092f8 00000050H .didat$4                DATA
 0002:00009348 00000270H .didat$6                DATA
 0002:000095b8 00000058H .didat$7                DATA
 0002:00009610 00000058H .edata                  DATA
 0002:00009668 00000028H .idata$2                DATA
 0002:00009690 00000018H .idata$3                DATA
 0002:000096a8 00000260H .idata$4                DATA
 0002:00009908 0000057cH .idata$6                DATA
 0003:00000000 00000980H .data                   DATA
 0003:00000980 00000000H .data$r                 DATA
 0003:00000980 00000050H .didat$5                DATA
 0003:000009d0 000011f0H .bss                    DATA
 0004:00000000 0000105cH .pdata                  DATA
 0005:00000000 00000084H .gfids$x                DATA
 0005:00000084 00000014H .gfids$y                DATA
 0006:00000000 00000060H .rsrc$01                DATA
 0006:00000060 00000180H .rsrc$02                DATA

  Address         Publics by Value              Rva+Base               Lib:Object

 0000:00000000       __guard_iat_table          0000000000000000     <absolute>
 0000:00000000       __dynamic_value_reloc_table 0000000000000000     <absolute>
 0000:00000000       __guard_iat_count          0000000000000000     <absolute>
 0000:00000000       __guard_longjmp_table      0000000000000000     <absolute>
 0000:00000000       __guard_longjmp_count      0000000000000000     <absolute>
 0000:00000000       __guard_fids_count         0000000000000000     <absolute>
 0000:00000000       ___safe_se_handler_table   0000000000000000     <absolute>
 0000:00000000       ___safe_se_handler_count   0000000000000000     <absolute>
 0000:00000000       __guard_fids_table         0000000000000000     <absolute>
 0000:00000100       __guard_flags              0000000000000100     <absolute>
 0000:00000000       __ImageBase                0000000180000000     <linker-defined>
 0001:00000000       __local_stdio_printf_options 0000000180001000 f i direct_window.obj
 0001:00000010       printf                     0000000180001010 f i direct_window.obj
 0001:00000070       ?NODE_SET_METHOD@node@@YAXV?$Local@VObject@v8@@@v8@@PEBDP6AXAEBV?$FunctionCallbackInfo@VValue@v8@@@3@@Z@Z 0000000180001070 f i direct_window.obj
 0001:00000140       ?WindowsGet@@YAXAEBV?$FunctionCallbackInfo@VValue@v8@@@v8@@@Z 0000000180001140 f   direct_window.obj
 0001:00000180       ?Initialize@@YAXV?$Local@VObject@v8@@@v8@@@Z 0000000180001180 f   direct_window.obj
 0001:000001ec       __imp_load_?GetCurrent@Isolate@v8@@SAPEAV12@XZ 00000001800011ec f   node:node.exe
 0001:000001f8       __tailMerge_node_exe       00000001800011f8 f i node:node.exe
 0001:00000271       __imp_load_??1HandleScope@v8@@QEAA@XZ 0000000180001271 f   node:node.exe
 0001:0000027d       __imp_load_??0HandleScope@v8@@QEAA@PEAVIsolate@1@@Z 000000018000127d f   node:node.exe
 0001:00000289       __imp_load_?GetFunction@FunctionTemplate@v8@@QEAA?AV?$Local@VFunction@v8@@@2@XZ 0000000180001289 f   node:node.exe
 0001:00000295       __imp_load_?New@FunctionTemplate@v8@@SA?AV?$Local@VFunctionTemplate@v8@@@2@PEAVIsolate@2@P6AXAEBV?$FunctionCallbackInfo@VValue@v8@@@2@@ZV?$Local@VValue@v8@@@2@V?$Local@VSignature@v8@@@2@HW4ConstructorBehavior@2@@Z 0000000180001295 f   node:node.exe
 0001:000002a1       __imp_load_?NewFromUtf8@String@v8@@SA?AV?$Local@VString@v8@@@2@PEAVIsolate@2@PEBDW4NewStringType@12@H@Z 00000001800012a1 f   node:node.exe
 0001:000002ad       __imp_load_?Set@Object@v8@@QEAA_NV?$Local@VValue@v8@@@2@0@Z 00000001800012ad f   node:node.exe
 0001:000002b9       __imp_load_?SetName@Function@v8@@QEAAXV?$Local@VString@v8@@@2@@Z 00000001800012b9 f   node:node.exe
 0001:000002c5       __imp_load_node_module_register 00000001800012c5 f   node:node.exe
 0001:000002f0       __security_check_cookie    00000001800012f0 f   LIBCMT:_amdsecgs_.obj
 0001:00000660       _DllMainCRTStartup         0000000180001660 f   LIBCMT:dll_dllmain.obj
 0001:000006a0       __raise_securityfailure    00000001800016a0 f   LIBCMT:gs_report.obj
 0001:000006d4       __report_gsfailure         00000001800016d4 f   LIBCMT:gs_report.obj
 0001:000007a8       __report_rangecheckfailure 00000001800017a8 f   LIBCMT:gs_report.obj
 0001:000007bc       __report_securityfailure   00000001800017bc f   LIBCMT:gs_report.obj
 0001:0000093c       __scrt_acquire_startup_lock 000000018000193c f   LIBCMT:utility.obj
 0001:00000978       __scrt_dllmain_after_initialize_c 0000000180001978 f   LIBCMT:utility.obj
 0001:000009ac       __scrt_dllmain_before_initialize_c 00000001800019ac f   LIBCMT:utility.obj
 0001:000009c4       __scrt_dllmain_crt_thread_attach 00000001800019c4 f   LIBCMT:utility.obj
 0001:000009ec       __scrt_dllmain_crt_thread_detach 00000001800019ec f   LIBCMT:utility.obj
 0001:00000a04       __scrt_dllmain_exception_filter 0000000180001a04 f   LIBCMT:utility.obj
 0001:00000a68       __scrt_dllmain_uninitialize_c 0000000180001a68 f   LIBCMT:utility.obj
 0001:00000a98       __scrt_dllmain_uninitialize_critical 0000000180001a98 f   LIBCMT:utility.obj
 0001:00000aac       __scrt_initialize_crt      0000000180001aac f   LIBCMT:utility.obj
 0001:00000af8       __scrt_initialize_onexit_tables 0000000180001af8 f   LIBCMT:utility.obj
 0001:00000bc4       __scrt_is_nonwritable_in_current_image 0000000180001bc4 f   LIBCMT:utility.obj
 0001:00000c60       __scrt_release_startup_lock 0000000180001c60 f   LIBCMT:utility.obj
 0001:00000c84       __scrt_uninitialize_crt    0000000180001c84 f   LIBCMT:utility.obj
 0001:00000cb0       _onexit                    0000000180001cb0 f   LIBCMT:utility.obj
 0001:00000d00       atexit                     0000000180001d00 f   LIBCMT:utility.obj
 0001:00000d18       __security_init_cookie     0000000180001d18 f   LIBCMT:gs_support.obj
 0001:00000dc4       _get_startup_argv_mode     0000000180001dc4 f   LIBCMT:argv_mode.obj
 0001:00000dc4       DllMain                    0000000180001dc4 f   LIBCMT:dll_dllmain_stub.obj
 0001:00000dcc       ?__scrt_initialize_type_info@@YAXXZ 0000000180001dcc f   LIBCMT:tncleanup.obj
 0001:00000ddc       ?__scrt_uninitialize_type_info@@YAXXZ 0000000180001ddc f   LIBCMT:tncleanup.obj
 0001:00000de8       __local_stdio_scanf_options 0000000180001de8 f i LIBCMT:default_local_stdio_options.obj
 0001:00000df0       __scrt_initialize_default_local_stdio_options 0000000180001df0 f   LIBCMT:default_local_stdio_options.obj
 0001:00000e0c       __scrt_get_dyn_tls_init_callback 0000000180001e0c f   LIBCMT:dyn_tls_init.obj
 0001:00000e14       __crt_debugger_hook        0000000180001e14 f   LIBCMT:utility_desktop.obj
 0001:00000e1c       __scrt_fastfail            0000000180001e1c f   LIBCMT:utility_desktop.obj
 0001:00000f64       _RTC_Initialize            0000000180001f64 f   LIBCMT:_initsect_.obj
 0001:00000fb0       _RTC_Terminate             0000000180001fb0 f   LIBCMT:_initsect_.obj
 0001:00000ffc       _guard_check_icall         0000000180001ffc f i LIBCMT:checkcfg.obj
 0001:00001004       __isa_available_init       0000000180002004 f   LIBCMT:_cpu_disp_.obj
 0001:000011cc       __scrt_is_ucrt_dll_in_use  00000001800021cc f   LIBCMT:ucrt_detection.obj
 0001:000011d8       __except_validate_context_record 00000001800021d8 f i libvcruntime:jbcxrval.obj
 0001:000011d8       _guard_check_icall_nop     00000001800021d8 f i LIBCMT:guard_support.obj
 0001:000011e0       __C_specific_handler       00000001800021e0 f   libvcruntime:_chandler_.obj
 0001:000013dc       __vcrt_initialize          00000001800023dc f   libvcruntime:initialization.obj
 0001:00001410       __vcrt_thread_attach       0000000180002410 f   libvcruntime:initialization.obj
 0001:00001424       __vcrt_thread_detach       0000000180002424 f   libvcruntime:initialization.obj
 0001:00001438       __vcrt_uninitialize        0000000180002438 f   libvcruntime:initialization.obj
 0001:00001458       __vcrt_uninitialize_critical 0000000180002458 f   libvcruntime:initialization.obj
 0001:00001468       __std_type_info_destroy_list 0000000180002468 f   libvcruntime:std_type_info.obj
 0001:000014b0       memset                     00000001800024b0 f   libvcruntime:memset.obj
 0001:00001660       _local_unwind              0000000180002660 f   libvcruntime:_jmpuwind_.obj
 0001:00001690       _NLG_Notify                0000000180002690 f   libvcruntime:_jmpuwind_.obj
 0001:000016b0       __NLG_Dispatch2            00000001800026b0 f   libvcruntime:_jmpuwind_.obj
 0001:000016c0       __NLG_Return2              00000001800026c0 f   libvcruntime:_jmpuwind_.obj
 0001:000016c4       __vcrt_freefls             00000001800026c4 f   libvcruntime:per_thread_data.obj
 0001:000016e4       __vcrt_freeptd             00000001800026e4 f   libvcruntime:per_thread_data.obj
 0001:00001734       __vcrt_getptd_noexit       0000000180002734 f   libvcruntime:per_thread_data.obj
 0001:000017ec       __vcrt_initialize_ptd      00000001800027ec f   libvcruntime:per_thread_data.obj
 0001:0000182c       __vcrt_uninitialize_ptd    000000018000282c f   libvcruntime:per_thread_data.obj
 0001:00001850       __vcrt_initialize_locks    0000000180002850 f   libvcruntime:locks.obj
 0001:00001898       __vcrt_uninitialize_locks  0000000180002898 f   libvcruntime:locks.obj
 0001:00001a98       __vcrt_FlsAlloc            0000000180002a98 f   libvcruntime:winapi_downlevel.obj
 0001:00001aec       __vcrt_FlsFree             0000000180002aec f   libvcruntime:winapi_downlevel.obj
 0001:00001b40       __vcrt_FlsGetValue         0000000180002b40 f   libvcruntime:winapi_downlevel.obj
 0001:00001b94       __vcrt_FlsSetValue         0000000180002b94 f   libvcruntime:winapi_downlevel.obj
 0001:00001bfc       __vcrt_InitializeCriticalSectionEx 0000000180002bfc f   libvcruntime:winapi_downlevel.obj
 0001:00001c74       __vcrt_initialize_winapi_thunks 0000000180002c74 f   libvcruntime:winapi_downlevel.obj
 0001:00001cc0       __vcrt_uninitialize_winapi_thunks 0000000180002cc0 f   libvcruntime:winapi_downlevel.obj
 0001:00001d00       __vcrt_initialize_pure_virtual_call_handler 0000000180002d00 f   libvcruntime:purevirt_data.obj
 0001:00001d24       __acrt_initialize_stdio    0000000180002d24 f   libucrt:_file.obj
 0001:00001e44       __acrt_iob_func            0000000180002e44 f   libucrt:_file.obj
 0001:00001e58       __acrt_uninitialize_stdio  0000000180002e58 f   libucrt:_file.obj
 0001:00001eb4       _lock_file                 0000000180002eb4 f   libucrt:_file.obj
 0001:00001ec0       _unlock_file               0000000180002ec0 f   libucrt:_file.obj
 0001:00001ecc       ??$?RV<lambda_aa279a7bcb127014629d5b1d62c7325d>@@AEAV<lambda_0a64b6a4deda75c01876f29c44fc5eb3>@@V<lambda_3323e69fbefe9d1a11713e670d47cdfa>@@@?$__crt_seh_guarded_call@H@@QEAAH$$QEAV<lambda_aa279a7bcb127014629d5b1d62c7325d>@@AEAV<lambda_0a64b6a4deda75c01876f29c44fc5eb3>@@$$QEAV<lambda_3323e69fbefe9d1a11713e670d47cdfa>@@@Z 0000000180002ecc f i libucrt:output.obj
 0001:00001f0c       ??$ensure_buffer_is_big_enough@D@formatting_buffer@__crt_stdio_output@@QEAA_N_K@Z 0000000180002f0c f i libucrt:output.obj
 0001:00001fb8       ??$is_wide_character_specifier@D@__crt_stdio_output@@YA_N_KDW4length_modifier@0@@Z 0000000180002fb8 f i libucrt:output.obj
 0001:00001fe8       ??$type_case_integer_parse_into_buffer@I@?$output_processor@DV?$stream_output_adapter@D@__crt_stdio_output@@V?$standard_base@DV?$stream_output_adapter@D@__crt_stdio_output@@@2@@__crt_stdio_output@@AEAAXII_N@Z 0000000180002fe8 f i libucrt:output.obj
 0001:00002084       ??$type_case_integer_parse_into_buffer@_K@?$output_processor@DV?$stream_output_adapter@D@__crt_stdio_output@@V?$standard_base@DV?$stream_output_adapter@D@__crt_stdio_output@@@2@@__crt_stdio_output@@AEAAX_KI_N@Z 0000000180003084 f i libucrt:output.obj
 0001:00002120       ??$write_multiple_characters@V?$stream_output_adapter@D@__crt_stdio_output@@D@__crt_stdio_output@@YAXAEBV?$stream_output_adapter@D@0@DHQEAH@Z 0000000180003120 f i libucrt:output.obj
 0001:000021a4       ??0?$output_processor@DV?$stream_output_adapter@D@__crt_stdio_output@@V?$standard_base@DV?$stream_output_adapter@D@__crt_stdio_output@@@2@@__crt_stdio_output@@QEAA@AEBV?$stream_output_adapter@D@1@_KQEBDQEAU__crt_locale_pointers@@QEAD@Z 00000001800031a4 f i libucrt:output.obj
 0001:00002220       ??0_LocaleUpdate@@QEAA@QEAU__crt_locale_pointers@@@Z 0000000180003220 f i libucrt:output.obj
 0001:000023a0       ?force_decimal_point@__crt_stdio_output@@YAXPEADQEAU__crt_locale_pointers@@@Z 00000001800033a0 f i libucrt:output.obj
 0001:00002410       ?parse_int_from_format_string@?$output_processor@DV?$stream_output_adapter@D@__crt_stdio_output@@V?$standard_base@DV?$stream_output_adapter@D@__crt_stdio_output@@@2@@__crt_stdio_output@@AEAA_NQEAH@Z 0000000180003410 f i libucrt:output.obj
 0001:00002494       ?process@?$output_processor@DV?$stream_output_adapter@D@__crt_stdio_output@@V?$standard_base@DV?$stream_output_adapter@D@__crt_stdio_output@@@2@@__crt_stdio_output@@QEAAHXZ 0000000180003494 f i libucrt:output.obj
 0001:000026a4       ?state_case_normal@?$output_processor@DV?$stream_output_adapter@D@__crt_stdio_output@@V?$standard_base@DV?$stream_output_adapter@D@__crt_stdio_output@@@2@@__crt_stdio_output@@AEAA_NXZ 00000001800036a4 f i libucrt:output.obj
 0001:00002714       ?state_case_normal_tchar@?$output_processor@DV?$stream_output_adapter@D@__crt_stdio_output@@V?$standard_base@DV?$stream_output_adapter@D@__crt_stdio_output@@@2@@__crt_stdio_output@@AEAA_ND@Z 0000000180003714 f i libucrt:output.obj
 0001:000027a8       ?state_case_size@?$output_processor@DV?$stream_output_adapter@D@__crt_stdio_output@@V?$standard_base@DV?$stream_output_adapter@D@__crt_stdio_output@@@2@@__crt_stdio_output@@AEAA_NXZ 00000001800037a8 f i libucrt:output.obj
 0001:00002924       ?state_case_type@?$output_processor@DV?$stream_output_adapter@D@__crt_stdio_output@@V?$standard_base@DV?$stream_output_adapter@D@__crt_stdio_output@@@2@@__crt_stdio_output@@AEAA_NXZ 0000000180003924 f i libucrt:output.obj
 0001:00002ba0       ?type_case_Z@?$output_processor@DV?$stream_output_adapter@D@__crt_stdio_output@@V?$standard_base@DV?$stream_output_adapter@D@__crt_stdio_output@@@2@@__crt_stdio_output@@AEAA_NXZ 0000000180003ba0 f i libucrt:output.obj
 0001:00002c20       ?type_case_a@?$output_processor@DV?$stream_output_adapter@D@__crt_stdio_output@@V?$standard_base@DV?$stream_output_adapter@D@__crt_stdio_output@@@2@@__crt_stdio_output@@AEAA_NXZ 0000000180003c20 f i libucrt:output.obj
 0001:00002e3c       ?type_case_c_tchar@?$output_processor@DV?$stream_output_adapter@D@__crt_stdio_output@@V?$standard_base@DV?$stream_output_adapter@D@__crt_stdio_output@@@2@@__crt_stdio_output@@AEAA_ND@Z 0000000180003e3c f i libucrt:output.obj
 0001:00002ef0       ?type_case_integer@?$output_processor@DV?$stream_output_adapter@D@__crt_stdio_output@@V?$standard_base@DV?$stream_output_adapter@D@__crt_stdio_output@@@2@@__crt_stdio_output@@AEAA_NI_N@Z 0000000180003ef0 f i libucrt:output.obj
 0001:00003090       ?type_case_n@?$output_processor@DV?$stream_output_adapter@D@__crt_stdio_output@@V?$standard_base@DV?$stream_output_adapter@D@__crt_stdio_output@@@2@@__crt_stdio_output@@AEAA_NXZ 0000000180004090 f i libucrt:output.obj
 0001:0000316c       ?type_case_s@?$output_processor@DV?$stream_output_adapter@D@__crt_stdio_output@@V?$standard_base@DV?$stream_output_adapter@D@__crt_stdio_output@@@2@@__crt_stdio_output@@AEAA_NXZ 000000018000416c f i libucrt:output.obj
 0001:000031fc       ?validate_stream_is_ansi_if_required@?$__acrt_stdio_char_traits@D@@SA_NQEAU_iobuf@@@Z 00000001800041fc f i libucrt:output.obj
 0001:00003288       ?write_stored_string_tchar@?$output_processor@DV?$stream_output_adapter@D@__crt_stdio_output@@V?$standard_base@DV?$stream_output_adapter@D@__crt_stdio_output@@@2@@__crt_stdio_output@@AEAA_ND@Z 0000000180004288 f i libucrt:output.obj
 0001:00003360       ?write_string@?$stream_output_adapter@D@__crt_stdio_output@@QEBAXQEBDHQEAH1@Z 0000000180004360 f i libucrt:output.obj
 0001:00003458       __stdio_common_vfprintf    0000000180004458 f   libucrt:output.obj
 0001:000034e4       __ascii_stricmp            00000001800044e4 f   libucrt:stricmp.obj
 0001:00003520       _stricmp                   0000000180004520 f   libucrt:stricmp.obj
 0001:00003568       _stricmp_l                 0000000180004568 f   libucrt:stricmp.obj
 0001:0000361c       _initterm                  000000018000461c f   libucrt:initterm.obj
 0001:00003694       _initterm_e                0000000180004694 f   libucrt:initterm.obj
 0001:000036e0       _seh_filter_dll            00000001800046e0 f   libucrt:exception_filter.obj
 0001:000036f4       _seh_filter_exe            00000001800046f4 f   libucrt:exception_filter.obj
 0001:00003ab4       __acrt_initialize_thread_local_exit_callback 0000000180004ab4 f   libucrt:exit.obj
 0001:00003abc       _cexit                     0000000180004abc f   libucrt:exit.obj
 0001:00003acc       _exit                      0000000180004acc f   libucrt:exit.obj
 0001:00003ad8       _is_c_termination_complete 0000000180004ad8 f   libucrt:exit.obj
 0001:00003c9c       __acrt_allocate_buffer_for_argv 0000000180004c9c f   libucrt:argv_parsing.obj
 0001:00003d00       _configure_narrow_argv     0000000180004d00 f   libucrt:argv_parsing.obj
 0001:0000405c       __dcrt_uninitialize_environments_nolock 000000018000505c f   libucrt:environment_initialization.obj
 0001:00004094       _initialize_narrow_environment 0000000180005094 f   libucrt:environment_initialization.obj
 0001:0000409c       ??$?RV<lambda_b8c45f8f788dd370798f47cfe8ac3a86>@@AEAV<lambda_4e60a939b0d047cfe11ddc22648dfba9>@@V<lambda_332c3edc96d0294ec56c57d38c1cdfd5>@@@?$__crt_seh_guarded_call@H@@QEAAH$$QEAV<lambda_b8c45f8f788dd370798f47cfe8ac3a86>@@AEAV<lambda_4e60a939b0d047cfe11ddc22648dfba9>@@$$QEAV<lambda_332c3edc96d0294ec56c57d38c1cdfd5>@@@Z 000000018000509c f i libucrt:onexit.obj
 0001:000040d8       ??$?RV<lambda_e24bbb7b643b32fcea6fa61b31d4c984>@@AEAV<lambda_275893d493268fdec8709772e3fcec0e>@@V<lambda_9d71df4d7cf3f480f8d633942495c3b0>@@@?$__crt_seh_guarded_call@H@@QEAAH$$QEAV<lambda_e24bbb7b643b32fcea6fa61b31d4c984>@@AEAV<lambda_275893d493268fdec8709772e3fcec0e>@@$$QEAV<lambda_9d71df4d7cf3f480f8d633942495c3b0>@@@Z 00000001800050d8 f i libucrt:onexit.obj
 0001:00004454       _crt_atexit                0000000180005454 f   libucrt:onexit.obj
 0001:00004464       _execute_onexit_table      0000000180005464 f   libucrt:onexit.obj
 0001:000044a0       _initialize_onexit_table   00000001800054a0 f   libucrt:onexit.obj
 0001:000044e0       _register_onexit_function  00000001800054e0 f   libucrt:onexit.obj
 0001:00004560       __acrt_uninitialize_command_line 0000000180005560 f   libucrt:argv_data.obj
 0001:00004660       __acrt_initialize          0000000180005660 f   libucrt:initialization.obj
 0001:00004674       __acrt_thread_attach       0000000180005674 f   libucrt:initialization.obj
 0001:00004688       __acrt_thread_detach       0000000180005688 f   libucrt:initialization.obj
 0001:00004698       __acrt_uninitialize        0000000180005698 f   libucrt:initialization.obj
 0001:000046ac       __acrt_uninitialize_critical 00000001800056ac f   libucrt:initialization.obj
 0001:000046bc       terminate                  00000001800056bc f   libucrt:terminate.obj
 0001:000046e4       _getch                     00000001800056e4 f   libucrt:getch.obj
 0001:000046e4       getch                      00000001800056e4 f   libucrt:getch.obj
 0001:00004710       _getch_nolock              0000000180005710 f   libucrt:getch.obj
 0001:00004820       _getextendedkeycode        0000000180005820 f   libucrt:getch.obj
 0001:000048dc       _free_base                 00000001800058dc f   libucrt:free_base.obj
 0001:0000491c       _malloc_base               000000018000591c f   libucrt:malloc_base.obj
 0001:0000497c       strcpy_s                   000000018000597c f   libucrt:strcpy_s.obj
 0001:000049dc       abort                      00000001800059dc f   libucrt:abort.obj
 0001:00004a34       _calloc_base               0000000180005a34 f   libucrt:calloc_base.obj
 0001:00004aac       ??$is_overflow_condition@K@__crt_strtox@@YA_NIK@Z 0000000180005aac f i libucrt:atox.obj
 0001:00004ad8       ??$parse_integer@KV?$c_string_character_source@D@__crt_strtox@@@__crt_strtox@@YAKQEAU__crt_locale_pointers@@V?$c_string_character_source@D@0@H_N@Z 0000000180005ad8 f i libucrt:atox.obj
 0001:00004dec       __acrt_call_reportfault    0000000180005dec f   libucrt:invalid_parameter.obj
 0001:00004f48       __acrt_initialize_invalid_parameter_handler 0000000180005f48 f   libucrt:invalid_parameter.obj
 0001:00004f50       _invalid_parameter         0000000180005f50 f   libucrt:invalid_parameter.obj
 0001:00004ff8       _invalid_parameter_noinfo  0000000180005ff8 f   libucrt:invalid_parameter.obj
 0001:00005018       _invoke_watson             0000000180006018 f   libucrt:invalid_parameter.obj
 0001:00005060       __acrt_errno_from_os_error 0000000180006060 f   libucrt:errno.obj
 0001:000050a8       __acrt_errno_map_os_error  00000001800060a8 f   libucrt:errno.obj
 0001:000050f8       __doserrno                 00000001800060f8 f   libucrt:errno.obj
 0001:00005118       _errno                     0000000180006118 f   libucrt:errno.obj
 0001:000052d8       __acrt_FlsAlloc            00000001800062d8 f   libucrt:winapi_thunks.obj
 0001:00005330       __acrt_FlsFree             0000000180006330 f   libucrt:winapi_thunks.obj
 0001:00005388       __acrt_FlsGetValue         0000000180006388 f   libucrt:winapi_thunks.obj
 0001:000053e0       __acrt_FlsSetValue         00000001800063e0 f   libucrt:winapi_thunks.obj
 0001:00005448       __acrt_InitializeCriticalSectionEx 0000000180006448 f   libucrt:winapi_thunks.obj
 0001:000054c0       __acrt_LCMapStringEx       00000001800064c0 f   libucrt:winapi_thunks.obj
 0001:000055b0       __acrt_LocaleNameToLCID    00000001800065b0 f   libucrt:winapi_thunks.obj
 0001:00005618       __acrt_initialize_winapi_thunks 0000000180006618 f   libucrt:winapi_thunks.obj
 0001:00005650       __acrt_is_packaged_app     0000000180006650 f   libucrt:winapi_thunks.obj
 0001:000056d8       __acrt_uninitialize_winapi_thunks 00000001800066d8 f   libucrt:winapi_thunks.obj
 0001:0000571c       _fcloseall                 000000018000671c f   libucrt:closeall.obj
 0001:000057d0       __acrt_stdio_flush_nolock  00000001800067d0 f   libucrt:fflush.obj
 0001:00005848       _fflush_nolock             0000000180006848 f   libucrt:fflush.obj
 0001:00005894       _flushall                  0000000180006894 f   libucrt:fflush.obj
 0001:00005984       __acrt_stdio_free_buffer_nolock 0000000180006984 f   libucrt:_freebuf.obj
 0001:00005bac       __acrt_initialize_lowio    0000000180006bac f   libucrt:ioinit.obj
 0001:00005be8       __acrt_uninitialize_lowio  0000000180006be8 f   libucrt:ioinit.obj
 0001:00005c28       isdigit                    0000000180006c28 f i libucrt:_ctype.obj
 0001:00005cec       _tolower_l                 0000000180006cec f   libucrt:tolower_toupper.obj
 0001:00005e2c       tolower                    0000000180006e2c f   libucrt:tolower_toupper.obj
 0001:00005e58       ??$make_c_string_character_source@DPEAPEAD@__crt_strtox@@YA?AV?$c_string_character_source@D@0@QEBDQEAPEAD@Z 0000000180006e58 f i libucrt:strtox.obj
 0001:00005e6c       strtol                     0000000180006e6c f   libucrt:strtox.obj
 0001:00005e9c       _mbtowc_l                  0000000180006e9c f   libucrt:mbtowc.obj
 0001:00005fe4       mbtowc                     0000000180006fe4 f   libucrt:mbtowc.obj
 0001:00005fec       _wctomb_s_l                0000000180006fec f   libucrt:wctomb.obj
 0001:00006170       wctomb_s                   0000000180007170 f   libucrt:wctomb.obj
 0001:00006184       strnlen                    0000000180007184 f   libucrt:strnlen.obj
 0001:000062e0       wcsnlen                    00000001800072e0 f   libucrt:strnlen.obj
 0001:000064d0       ??$?RV<lambda_46352004c1216016012b18bd6f87e700>@@AEAV<lambda_3bd07e1a1191394380780325891bf33f>@@V<lambda_334532d3f185bcaa59b5be82d7d22bff>@@@?$__crt_seh_guarded_call@X@@QEAAX$$QEAV<lambda_46352004c1216016012b18bd6f87e700>@@AEAV<lambda_3bd07e1a1191394380780325891bf33f>@@$$QEAV<lambda_334532d3f185bcaa59b5be82d7d22bff>@@@Z 00000001800074d0 f i libucrt:per_thread_data.obj
 0001:00006530       ??$?RV<lambda_5e887d1dcbef67a5eb4283622ba103bf>@@AEAV<lambda_4466841279450cc726390878d4a41900>@@V<lambda_341c25c0346d94847f1f3c463c57e077>@@@?$__crt_seh_guarded_call@X@@QEAAX$$QEAV<lambda_5e887d1dcbef67a5eb4283622ba103bf>@@AEAV<lambda_4466841279450cc726390878d4a41900>@@$$QEAV<lambda_341c25c0346d94847f1f3c463c57e077>@@@Z 0000000180007530 f i libucrt:per_thread_data.obj
 0001:00006578       ??$?RV<lambda_72d1df2b273a38828b1ce30cbf4cdab5>@@AEAV<lambda_876a65b173b8412d3a47c70a915b0cf4>@@V<lambda_41932305e351933ebe8f8be3ed8bb5dc>@@@?$__crt_seh_guarded_call@X@@QEAAX$$QEAV<lambda_72d1df2b273a38828b1ce30cbf4cdab5>@@AEAV<lambda_876a65b173b8412d3a47c70a915b0cf4>@@$$QEAV<lambda_41932305e351933ebe8f8be3ed8bb5dc>@@@Z 0000000180007578 f i libucrt:per_thread_data.obj
 0001:000065b8       ??$?RV<lambda_fb3a7dec4e47f37f22dae91bb15c9095>@@AEAV<lambda_698284760c8add0bfb0756c19673e34b>@@V<lambda_dfb8eca1e75fef3034a8fb18dd509707>@@@?$__crt_seh_guarded_call@X@@QEAAX$$QEAV<lambda_fb3a7dec4e47f37f22dae91bb15c9095>@@AEAV<lambda_698284760c8add0bfb0756c19673e34b>@@$$QEAV<lambda_dfb8eca1e75fef3034a8fb18dd509707>@@@Z 00000001800075b8 f i libucrt:per_thread_data.obj
 0001:00006848       __acrt_freeptd             0000000180007848 f   libucrt:per_thread_data.obj
 0001:0000688c       __acrt_getptd              000000018000788c f   libucrt:per_thread_data.obj
 0001:00006920       __acrt_getptd_noexit       0000000180007920 f   libucrt:per_thread_data.obj
 0001:000069c0       __acrt_initialize_ptd      00000001800079c0 f   libucrt:per_thread_data.obj
 0001:000069fc       __acrt_uninitialize_ptd    00000001800079fc f   libucrt:per_thread_data.obj
 0001:00006a20       __acrt_update_locale_info  0000000180007a20 f   libucrt:locale_update.obj
 0001:00006a54       __acrt_update_multibyte_info 0000000180007a54 f   libucrt:locale_update.obj
 0001:00006a88       ?__acrt_fp_classify@@YA?AW4__acrt_fp_class@@AEBN@Z 0000000180007a88 f i libucrt:cvt.obj
 0001:000074c0       __acrt_fp_format           00000001800084c0 f   libucrt:cvt.obj
 0001:00007704       _fileno                    0000000180008704 f   libucrt:fileno.obj
 0001:0000772c       _fputc_nolock              000000018000872c f   libucrt:fputc.obj
 0001:00007744       _get_printf_count_output   0000000180008744 f   libucrt:printf_count_output.obj
 0001:0000775c       __acrt_stdio_begin_temporary_buffering_nolock 000000018000875c f   libucrt:_sftbuf.obj
 0001:0000782c       __acrt_stdio_end_temporary_buffering_nolock 000000018000882c f   libucrt:_sftbuf.obj
 0001:00007868       __acrt_set_locale_changed  0000000180008868 f   libucrt:wsetlocale.obj
 0001:00007874       __acrt_uninitialize_locale 0000000180008874 f   libucrt:wsetlocale.obj
 0001:000078bc       __acrt_initialize_locks    00000001800088bc f   libucrt:locks.obj
 0001:00007904       __acrt_lock                0000000180008904 f   libucrt:locks.obj
 0001:00007920       __acrt_uninitialize_locks  0000000180008920 f   libucrt:locks.obj
 0001:00007958       __acrt_unlock              0000000180008958 f   libucrt:locks.obj
 0001:00007e50       ?expand_if_necessary@?$argument_list@D@?A0xca0879c4@@AEAAHXZ 0000000180008e50 f i libucrt:argv_wildcards.obj
 0001:00007f18       __acrt_expand_narrow_argv_wildcards 0000000180008f18 f   libucrt:argv_wildcards.obj
 0001:00007f20       ??$?RV<lambda_99476a1ad63dd22509b5d3e65b0ffc95>@@AEAV<lambda_ad1ced32f4ac17aa236e5ef05d6b3b7c>@@V<lambda_f7424dd8d45958661754dc4f2697e9c3>@@@?$__crt_seh_guarded_call@X@@QEAAX$$QEAV<lambda_99476a1ad63dd22509b5d3e65b0ffc95>@@AEAV<lambda_ad1ced32f4ac17aa236e5ef05d6b3b7c>@@$$QEAV<lambda_f7424dd8d45958661754dc4f2697e9c3>@@@Z 0000000180008f20 f i libucrt:mbctype.obj
 0001:0000861c       __acrt_initialize_multibyte 000000018000961c f   libucrt:mbctype.obj
 0001:00008644       __acrt_update_thread_multibyte_data 0000000180009644 f   libucrt:mbctype.obj
 0001:00008704       _setmbcp_nolock            0000000180009704 f   libucrt:mbctype.obj
 0001:00008a24       _ismbblead                 0000000180009a24 f   libucrt:ismbbyte.obj
 0001:00008a38       __acrt_initialize_command_line 0000000180009a38 f   libucrt:argv_data.obj
 0001:00008a60       __dcrt_get_narrow_environment_from_os 0000000180009a60 f   libucrt:get_environment_from_os.obj
 0001:00008b64       _recalloc                  0000000180009b64 f   libucrt:recalloc.obj
 0001:00008b6c       _recalloc_base             0000000180009b6c f   libucrt:recalloc.obj
 0001:00008c04       __acrt_initialize_heap     0000000180009c04 f   libucrt:heap_handle.obj
 0001:00008c20       __acrt_uninitialize_heap   0000000180009c20 f   libucrt:heap_handle.obj
 0001:00008c2c       __acrt_execute_initializers 0000000180009c2c f   libucrt:shared_initialization.obj
 0001:00008cc0       __acrt_execute_uninitializers 0000000180009cc0 f   libucrt:shared_initialization.obj
 0001:00008d10       __acrt_initialize_new_handler 0000000180009d10 f   libucrt:new_handler.obj
 0001:00008d18       _callnewh                  0000000180009d18 f   libucrt:new_handler.obj
 0001:00008d58       _query_new_handler         0000000180009d58 f   libucrt:new_handler.obj
 0001:00008d8c       ??$?RV<lambda_c36588078e9f5dfd39652860aa6b3aaf>@@AEAV<lambda_ec61778202f4f5fc7e7711acc23c3bca>@@V<lambda_dc9d2797ccde5d239b4a0efae8ebd7db>@@@?$__crt_seh_guarded_call@P6AXH@Z@@QEAAP6AXH@Z$$QEAV<lambda_c36588078e9f5dfd39652860aa6b3aaf>@@AEAV<lambda_ec61778202f4f5fc7e7711acc23c3bca>@@$$QEAV<lambda_dc9d2797ccde5d239b4a0efae8ebd7db>@@@Z 0000000180009d8c f i libucrt:signal.obj
 0001:00008dd4       __acrt_get_sigabrt_handler 0000000180009dd4 f   libucrt:signal.obj
 0001:00008e04       __acrt_initialize_signal_handlers 0000000180009e04 f   libucrt:signal.obj
 0001:00008e24       raise                      0000000180009e24 f   libucrt:signal.obj
 0001:000090c0       __acrt_has_user_matherr    000000018000a0c0 f   libucrt:matherr.obj
 0001:000090e0       __acrt_initialize_user_matherr 000000018000a0e0 f   libucrt:matherr.obj
 0001:000090e8       __acrt_invoke_user_matherr 000000018000a0e8 f   libucrt:matherr.obj
 0001:00009130       __dcrt_lowio_initialize_console_input 000000018000a130 f   libucrt:initconin.obj
 0001:0000916c       __dcrt_terminate_console_input 000000018000a16c f   libucrt:initconin.obj
 0001:0000918c       _query_new_mode            000000018000a18c f   libucrt:new_mode.obj
 0001:00009194       __pctype_func              000000018000a194 f   libucrt:ctype.obj
 0001:000091c4       _isctype_l                 000000018000a1c4 f   libucrt:isctype.obj
 0001:0000939c       __acrt_DownlevelLocaleNameToLCID 000000018000a39c f   libucrt:lcidtoname_downlevel.obj
 0001:000093d0       _fclose_nolock             000000018000a3d0 f   libucrt:fclose.obj
 0001:00009454       fclose                     000000018000a454 f   libucrt:fclose.obj
 0001:000094c0       ??$?RV<lambda_b521505b218e5242e90febf6bfebc422>@@AEAV<lambda_6978c1fb23f02e42e1d9e99668cc68aa>@@V<lambda_314360699dd331753a4119843814e9a7>@@@?$__crt_seh_guarded_call@H@@QEAAH$$QEAV<lambda_b521505b218e5242e90febf6bfebc422>@@AEAV<lambda_6978c1fb23f02e42e1d9e99668cc68aa>@@$$QEAV<lambda_314360699dd331753a4119843814e9a7>@@@Z 000000018000a4c0 f i libucrt:commit.obj
 0001:0000954c       _commit                    000000018000a54c f   libucrt:commit.obj
 0001:00009b80       _write                     000000018000ab80 f   libucrt:write.obj
 0001:00009c6c       _write_nolock              000000018000ac6c f   libucrt:write.obj
 0001:00009f50       __acrt_lowio_create_handle_array 000000018000af50 f   libucrt:osfinfo.obj
 0001:00009fe8       __acrt_lowio_destroy_handle_array 000000018000afe8 f   libucrt:osfinfo.obj
 0001:0000a038       __acrt_lowio_ensure_fh_exists 000000018000b038 f   libucrt:osfinfo.obj
 0001:0000a0f0       __acrt_lowio_lock_fh       000000018000b0f0 f   libucrt:osfinfo.obj
 0001:0000a114       __acrt_lowio_unlock_fh     000000018000b114 f   libucrt:osfinfo.obj
 0001:0000a138       _free_osfhnd               000000018000b138 f   libucrt:osfinfo.obj
 0001:0000a1f4       _get_osfhandle             000000018000b1f4 f   libucrt:osfinfo.obj
 0001:0000a26c       _isleadbyte_l              000000018000b26c f i libucrt:_wctype.obj
 0001:0000a608       __acrt_LCMapStringA        000000018000b608 f   libucrt:lcmapstringa.obj
 0001:0000a6a0       __acrt_add_locale_ref      000000018000b6a0 f   libucrt:locale_refcounting.obj
 0001:0000a72c       __acrt_free_locale         000000018000b72c f   libucrt:locale_refcounting.obj
 0001:0000a8a4       __acrt_locale_add_lc_time_reference 000000018000b8a4 f   libucrt:locale_refcounting.obj
 0001:0000a8cc       __acrt_locale_free_lc_time_if_unreferenced 000000018000b8cc f   libucrt:locale_refcounting.obj
 0001:0000a904       __acrt_locale_release_lc_time_reference 000000018000b904 f   libucrt:locale_refcounting.obj
 0001:0000a92c       __acrt_release_locale_ref  000000018000b92c f   libucrt:locale_refcounting.obj
 0001:0000a9d4       __acrt_update_thread_locale_data 000000018000b9d4 f   libucrt:locale_refcounting.obj
 0001:0000aa44       _updatetlocinfoEx_nolock   000000018000ba44 f   libucrt:locale_refcounting.obj
 0001:0000aaac       __acrt_fp_strflt_to_string 000000018000baac f   libucrt:_fptostr.obj
 0001:0000ab70       ?divide@__crt_strtox@@YA_KAEAUbig_integer@1@AEBU21@@Z 000000018000bb70 f i libucrt:cfout.obj
 0001:0000b040       __acrt_fltout              000000018000c040 f   libucrt:cfout.obj
 0001:0000c538       __acrt_stdio_flush_and_write_narrow_nolock 000000018000d538 f   libucrt:_flsbuf.obj
 0001:0000c620       _isatty                    000000018000d620 f   libucrt:isatty.obj
 0001:0000c680       __acrt_locale_free_monetary 000000018000d680 f   libucrt:initmon.obj
 0001:0000c78c       __acrt_locale_free_numeric 000000018000d78c f   libucrt:initnum.obj
 0001:0000c850       __acrt_locale_free_time    000000018000d850 f   libucrt:inittime.obj
 0001:0000c958       __acrt_GetStringTypeA      000000018000d958 f   libucrt:getstringtypea.obj
 0001:0000cbe0       qsort                      000000018000dbe0 f   libucrt:qsort.obj
 0001:0000cf14       strncpy_s                  000000018000df14 f   libucrt:strncpy_s.obj
 0001:0000cfe8       strpbrk                    000000018000dfe8 f   libucrt:strpbrk.obj
 0001:0000d088       _mbsdec                    000000018000e088 f   libucrt:mbsdec.obj
 0001:0000d090       _mbsdec_l                  000000018000e090 f   libucrt:mbsdec.obj
 0001:0000d140       _msize                     000000018000e140 f   libucrt:msize.obj
 0001:0000d17c       _realloc_base              000000018000e17c f   libucrt:realloc_base.obj
 0001:0000d200       _putwch_nolock             000000018000e200 f   libucrt:putwch.obj
 0001:0000d25c       ??$?RV<lambda_bfedae4ebbf01fab1bb6dcc6a9e276e0>@@AEAV<lambda_2fe9b910cf3cbf4a0ab98a02ba45b3ec>@@V<lambda_237c231691f317818eb88cc1d5d642d6>@@@?$__crt_seh_guarded_call@H@@QEAAH$$QEAV<lambda_bfedae4ebbf01fab1bb6dcc6a9e276e0>@@AEAV<lambda_2fe9b910cf3cbf4a0ab98a02ba45b3ec>@@$$QEAV<lambda_237c231691f317818eb88cc1d5d642d6>@@@Z 000000018000e25c f i libucrt:close.obj
 0001:0000d2d0       _close                     000000018000e2d0 f   libucrt:close.obj
 0001:0000d374       _close_nolock              000000018000e374 f   libucrt:close.obj
 0001:0000d430       ?__acrt_stdio_free_stream@@YAXV__crt_stdio_stream@@@Z 000000018000e430 f   libucrt:stream.obj
 0001:0000d600       _lseeki64                  000000018000e600 f   libucrt:lseek.obj
 0001:0000d608       _lseeki64_nolock           000000018000e608 f   libucrt:lseek.obj
 0001:0000d610       _query_app_type            000000018000e610 f   libucrt:report_runtime_error.obj
 0001:0000d618       __strncnt                  000000018000e618 f   libucrt:strncnt.obj
 0001:0000d630       fegetenv                   000000018000e630 f   libucrt:fegetenv.obj
 0001:0000d650       fesetenv                   000000018000e650 f   libucrt:fesetenv.obj
 0001:0000d69c       feholdexcept               000000018000e69c f   libucrt:feholdexcept.obj
 0001:0000d6ec       ceil                       000000018000e6ec f   libucrt:ceil.obj
 0001:0000d7b0       log10                      000000018000e7b0 f   libucrt:log10.obj
 0001:0000dd5c       __acrt_stdio_allocate_buffer_nolock 000000018000ed5c f   libucrt:_getbuf.obj
 0001:0000ddc0       __dcrt_lowio_initialize_console_output 000000018000edc0 f   libucrt:initcon.obj
 0001:0000ddfc       __dcrt_terminate_console_output 000000018000edfc f   libucrt:initcon.obj
 0001:0000de1c       _getfpcontrolword          000000018000ee1c f   libucrt:_fenvutils.obj
 0001:0000de34       _getfpstatusword           000000018000ee34 f   libucrt:_fenvutils.obj
 0001:0000de48       _setfpcontrolword          000000018000ee48 f   libucrt:_fenvutils.obj
 0001:0000de54       _setfpstatusword           000000018000ee54 f   libucrt:_fenvutils.obj
 0001:0000dea4       _clearfp                   000000018000eea4 f   libucrt:ieee.obj
 0001:0000def8       _controlfp                 000000018000eef8 f   libucrt:ieee.obj
 0001:0000df04       _statusfp                  000000018000ef04 f   libucrt:ieee.obj
 0001:0000e308       _handle_error              000000018000f308 f   libucrt:libm_error.obj
 0001:0000e430       _handle_nan                000000018000f430 f   libucrt:libm_error.obj
 0001:0000e450       __acrt_initialize_fma3     000000018000f450 f   libucrt:fma3_available.obj
 0001:0000e4c0       _log10_special             000000018000f4c0 f   libucrt:log_special.obj
 0001:0000e590       _get_fpsr                  000000018000f590 f   libucrt:fpsr.obj
 0001:0000e5a0       _set_fpsr                  000000018000f5a0 f   libucrt:fpsr.obj
 0001:0000e5aa       _fclrf                     000000018000f5aa f   libucrt:fpsr.obj
 0001:0000e5be       _frnd                      000000018000f5be f   libucrt:fpsr.obj
 0001:0000e5e0       _raise_exc                 000000018000f5e0 f   libucrt:fpexcept.obj
 0001:0000e608       _raise_exc_ex              000000018000f608 f   libucrt:fpexcept.obj
 0001:0000e910       _set_errno_from_matherr    000000018000f910 f   libucrt:fpexcept.obj
 0001:0000e940       _clrfp                     000000018000f940 f   libucrt:fpctrl.obj
 0001:0000e960       _ctrlfp                    000000018000f960 f   libucrt:fpctrl.obj
 0001:0000e9dc       _set_statfp                000000018000f9dc f   libucrt:fpctrl.obj
 0001:0000e9fc       _statfp                    000000018000f9fc f   libucrt:fpctrl.obj
 0001:0000ea0e       IsProcessorFeaturePresent  000000018000fa0e f   kernel32:KERNEL32.dll
 0001:0000ea14       RtlUnwindEx                000000018000fa14 f   kernel32:KERNEL32.dll
 0001:0000ea1c       ?DloadAcquireSectionWriteAccess@@YAXXZ 000000018000fa1c f i DelayImp:delayhlp.obj
 0001:0000ead8       ?DloadGetSRWLockFunctionPointers@@YAEXZ 000000018000fad8 f i DelayImp:delayhlp.obj
 0001:0000eb74       ?DloadMakePermanentImageCommit@@YAXPEAX_K@Z 000000018000fb74 f i DelayImp:delayhlp.obj
 0001:0000ec0c       ?DloadObtainSection@@YAPEAXPEAK0@Z 000000018000fc0c f i DelayImp:delayhlp.obj
 0001:0000eca4       ?DloadProtectSection@@YAXKPEAK@Z 000000018000fca4 f i DelayImp:delayhlp.obj
 0001:0000ed34       ?DloadReleaseSectionWriteAccess@@YAXXZ 000000018000fd34 f i DelayImp:delayhlp.obj
 0001:0000edd8       __delayLoadHelper2         000000018000fdd8 f   DelayImp:delayhlp.obj
 0001:0000f0e0       _FindPESection             00000001800100e0 f   LIBCMT:pesect.obj
 0001:0000f130       _IsNonwritableInCurrentImage 0000000180010130 f   LIBCMT:pesect.obj
 0001:0000f180       _ValidateImageBase         0000000180010180 f   LIBCMT:pesect.obj
 0001:0000f1b0       __GSHandlerCheck           00000001800101b0 f   LIBCMT:_gshandler_.obj
 0001:0000f1d0       __GSHandlerCheckCommon     00000001800101d0 f   LIBCMT:_gshandler_.obj
 0001:0000f22c       __GSHandlerCheck_SEH       000000018001022c f   LIBCMT:_gshandlerseh_.obj
 0001:0000f2d0       _alloca_probe              00000001800102d0 f   LIBCMT:_chkstk_.obj
 0001:0000f2d0       __chkstk                   00000001800102d0 f   LIBCMT:_chkstk_.obj
 0001:0000f340       memmove                    0000000180010340 f   libvcruntime:memcpy.obj
 0001:0000f340       memcpy                     0000000180010340 f   libvcruntime:memcpy.obj
 0001:0000f778       strrchr                    0000000180010778 f   libvcruntime:strrchr.obj
 0001:0000f8d0       memcmp                     00000001800108d0 f   libvcruntime:memcmp.obj
 0001:0000f9b0       _guard_dispatch_icall_nop  00000001800109b0 f   LIBCMT:_guard_dispatch_.obj
 0002:00000000       __imp_GetModuleHandleA     0000000180011000     kernel32:KERNEL32.dll
 0002:00000008       __imp_VirtualQuery         0000000180011008     kernel32:KERNEL32.dll
 0002:00000010       __imp_VirtualProtect       0000000180011010     kernel32:KERNEL32.dll
 0002:00000018       __imp_RtlCaptureContext    0000000180011018     kernel32:KERNEL32.dll
 0002:00000020       __imp_RtlLookupFunctionEntry 0000000180011020     kernel32:KERNEL32.dll
 0002:00000028       __imp_RtlVirtualUnwind     0000000180011028     kernel32:KERNEL32.dll
 0002:00000030       __imp_UnhandledExceptionFilter 0000000180011030     kernel32:KERNEL32.dll
 0002:00000038       __imp_SetUnhandledExceptionFilter 0000000180011038     kernel32:KERNEL32.dll
 0002:00000040       __imp_GetCurrentProcess    0000000180011040     kernel32:KERNEL32.dll
 0002:00000048       __imp_TerminateProcess     0000000180011048     kernel32:KERNEL32.dll
 0002:00000050       __imp_IsProcessorFeaturePresent 0000000180011050     kernel32:KERNEL32.dll
 0002:00000058       __imp_QueryPerformanceCounter 0000000180011058     kernel32:KERNEL32.dll
 0002:00000060       __imp_GetCurrentProcessId  0000000180011060     kernel32:KERNEL32.dll
 0002:00000068       __imp_GetCurrentThreadId   0000000180011068     kernel32:KERNEL32.dll
 0002:00000070       __imp_GetSystemTimeAsFileTime 0000000180011070     kernel32:KERNEL32.dll
 0002:00000078       __imp_InitializeSListHead  0000000180011078     kernel32:KERNEL32.dll
 0002:00000080       __imp_IsDebuggerPresent    0000000180011080     kernel32:KERNEL32.dll
 0002:00000088       __imp_GetStartupInfoW      0000000180011088     kernel32:KERNEL32.dll
 0002:00000090       __imp_GetModuleHandleW     0000000180011090     kernel32:KERNEL32.dll
 0002:00000098       __imp_RtlUnwindEx          0000000180011098     kernel32:KERNEL32.dll
 0002:000000a0       __imp_InterlockedFlushSList 00000001800110a0     kernel32:KERNEL32.dll
 0002:000000a8       __imp_GetLastError         00000001800110a8     kernel32:KERNEL32.dll
 0002:000000b0       __imp_SetLastError         00000001800110b0     kernel32:KERNEL32.dll
 0002:000000b8       __imp_EnterCriticalSection 00000001800110b8     kernel32:KERNEL32.dll
 0002:000000c0       __imp_LeaveCriticalSection 00000001800110c0     kernel32:KERNEL32.dll
 0002:000000c8       __imp_DeleteCriticalSection 00000001800110c8     kernel32:KERNEL32.dll
 0002:000000d0       __imp_InitializeCriticalSectionAndSpinCount 00000001800110d0     kernel32:KERNEL32.dll
 0002:000000d8       __imp_TlsAlloc             00000001800110d8     kernel32:KERNEL32.dll
 0002:000000e0       __imp_TlsGetValue          00000001800110e0     kernel32:KERNEL32.dll
 0002:000000e8       __imp_TlsSetValue          00000001800110e8     kernel32:KERNEL32.dll
 0002:000000f0       __imp_TlsFree              00000001800110f0     kernel32:KERNEL32.dll
 0002:000000f8       __imp_FreeLibrary          00000001800110f8     kernel32:KERNEL32.dll
 0002:00000100       __imp_GetProcAddress       0000000180011100     kernel32:KERNEL32.dll
 0002:00000108       __imp_LoadLibraryExW       0000000180011108     kernel32:KERNEL32.dll
 0002:00000110       __imp_ExitProcess          0000000180011110     kernel32:KERNEL32.dll
 0002:00000118       __imp_GetModuleHandleExW   0000000180011118     kernel32:KERNEL32.dll
 0002:00000120       __imp_GetModuleFileNameA   0000000180011120     kernel32:KERNEL32.dll
 0002:00000128       __imp_MultiByteToWideChar  0000000180011128     kernel32:KERNEL32.dll
 0002:00000130       __imp_WideCharToMultiByte  0000000180011130     kernel32:KERNEL32.dll
 0002:00000138       __imp_GetConsoleMode       0000000180011138     kernel32:KERNEL32.dll
 0002:00000140       __imp_ReadConsoleInputA    0000000180011140     kernel32:KERNEL32.dll
 0002:00000148       __imp_SetConsoleMode       0000000180011148     kernel32:KERNEL32.dll
 0002:00000150       __imp_HeapFree             0000000180011150     kernel32:KERNEL32.dll
 0002:00000158       __imp_HeapAlloc            0000000180011158     kernel32:KERNEL32.dll
 0002:00000160       __imp_LCMapStringW         0000000180011160     kernel32:KERNEL32.dll
 0002:00000168       __imp_GetStdHandle         0000000180011168     kernel32:KERNEL32.dll
 0002:00000170       __imp_GetFileType          0000000180011170     kernel32:KERNEL32.dll
 0002:00000178       __imp_GetACP               0000000180011178     kernel32:KERNEL32.dll
 0002:00000180       __imp_FindClose            0000000180011180     kernel32:KERNEL32.dll
 0002:00000188       __imp_FindFirstFileExA     0000000180011188     kernel32:KERNEL32.dll
 0002:00000190       __imp_FindNextFileA        0000000180011190     kernel32:KERNEL32.dll
 0002:00000198       __imp_IsValidCodePage      0000000180011198     kernel32:KERNEL32.dll
 0002:000001a0       __imp_GetOEMCP             00000001800111a0     kernel32:KERNEL32.dll
 0002:000001a8       __imp_GetCPInfo            00000001800111a8     kernel32:KERNEL32.dll
 0002:000001b0       __imp_GetCommandLineA      00000001800111b0     kernel32:KERNEL32.dll
 0002:000001b8       __imp_GetCommandLineW      00000001800111b8     kernel32:KERNEL32.dll
 0002:000001c0       __imp_GetEnvironmentStringsW 00000001800111c0     kernel32:KERNEL32.dll
 0002:000001c8       __imp_FreeEnvironmentStringsW 00000001800111c8     kernel32:KERNEL32.dll
 0002:000001d0       __imp_GetProcessHeap       00000001800111d0     kernel32:KERNEL32.dll
 0002:000001d8       __imp_CreateFileW          00000001800111d8     kernel32:KERNEL32.dll
 0002:000001e0       __imp_CloseHandle          00000001800111e0     kernel32:KERNEL32.dll
 0002:000001e8       __imp_GetStringTypeW       00000001800111e8     kernel32:KERNEL32.dll
 0002:000001f0       __imp_FlushFileBuffers     00000001800111f0     kernel32:KERNEL32.dll
 0002:000001f8       __imp_WriteFile            00000001800111f8     kernel32:KERNEL32.dll
 0002:00000200       __imp_GetConsoleCP         0000000180011200     kernel32:KERNEL32.dll
 0002:00000208       __imp_SetStdHandle         0000000180011208     kernel32:KERNEL32.dll
 0002:00000210       __imp_HeapSize             0000000180011210     kernel32:KERNEL32.dll
 0002:00000218       __imp_HeapReAlloc          0000000180011218     kernel32:KERNEL32.dll
 0002:00000220       __imp_WriteConsoleW        0000000180011220     kernel32:KERNEL32.dll
 0002:00000228       __imp_SetFilePointerEx     0000000180011228     kernel32:KERNEL32.dll
 0002:00000230       __imp_RaiseException       0000000180011230     kernel32:KERNEL32.dll
 0002:00000238       __imp_GetSystemInfo        0000000180011238     kernel32:KERNEL32.dll
 0002:00000240       __imp_LoadLibraryExA       0000000180011240     kernel32:KERNEL32.dll
 0002:00000248       \177KERNEL32_NULL_THUNK_DATA 0000000180011248     kernel32:KERNEL32.dll
 0002:00000250       __imp_FindWindowExA        0000000180011250     user32:USER32.dll
 0002:00000258       \177USER32_NULL_THUNK_DATA 0000000180011258     user32:USER32.dll
 0002:00000260       __guard_check_icall_fptr   0000000180011260     LIBCMT:guard_support.obj
 0002:00000268       __guard_dispatch_icall_fptr 0000000180011268     LIBCMT:guard_support.obj
 0002:00000270       __xc_a                     0000000180011270     LIBCMT:initializers.obj
 0002:00000278       _register_addon_           0000000180011278     direct_window.obj
 0002:00000280       __xc_z                     0000000180011280     LIBCMT:initializers.obj
 0002:00000288       __xi_a                     0000000180011288     LIBCMT:initializers.obj
 0002:00000290       __acrt_stdio_initializer   0000000180011290     libucrt:stdio_initializer.obj
 0002:00000298       __acrt_multibyte_initializer 0000000180011298     libucrt:multibyte_initializer.obj
 0002:000002a0       __acrt_tran_fma3_initializer 00000001800112a0     libucrt:fma3_initializer.obj
 0002:000002a8       __xi_z                     00000001800112a8     LIBCMT:initializers.obj
 0002:000002b0       __xp_a                     00000001800112b0     LIBCMT:initializers.obj
 0002:000002b8       __acrt_locale_terminator   00000001800112b8     libucrt:locale_initializer.obj
 0002:000002c0       __dcrt_console_input_terminator 00000001800112c0     libucrt:console_input_initializer.obj
 0002:000002c8       __dcrt_console_output_terminator 00000001800112c8     libucrt:console_output_initializer.obj
 0002:000002d0       __acrt_stdio_terminator    00000001800112d0     libucrt:stdio_initializer.obj
 0002:000002d8       __xp_z                     00000001800112d8     LIBCMT:initializers.obj
 0002:000002e0       __xt_a                     00000001800112e0     LIBCMT:initializers.obj
 0002:000002e8       __xt_z                     00000001800112e8     LIBCMT:initializers.obj
 0002:000002f0       __sz_node_exe              00000001800112f0     node:node.exe
 0002:00000300       _pDefaultRawDllMain        0000000180011300     LIBCMT:dll_dllmain.obj
 0002:00000300       _pRawDllMain               0000000180011300     LIBCMT:dll_dllmain.obj
 0002:00000338       ??_C@_1BC@DNHGCMLG@?$AAa?$AAd?$AAv?$AAa?$AAp?$AAi?$AA3?$AA2?$AA?$AA@ 0000000180011338     libvcruntime:winapi_downlevel.obj
 0002:00000350       ??_C@_1DM@KHCHBNEB@?$AAa?$AAp?$AAi?$AA?9?$AAm?$AAs?$AA?9?$AAw?$AAi?$AAn?$AA?9?$AAc?$AAo?$AAr?$AAe?$AA?9?$AAf?$AAi?$AAb?$AAe?$AAr?$AAs?$AA?9?$AAl?$AA1?$AA?9?$AA1?$AA?9?$AA1?$AA?$AA@ 0000000180011350     libvcruntime:winapi_downlevel.obj
 0002:00000390       ??_C@_1DK@LPPGFMPP@?$AAa?$AAp?$AAi?$AA?9?$AAm?$AAs?$AA?9?$AAw?$AAi?$AAn?$AA?9?$AAc?$AAo?$AAr?$AAe?$AA?9?$AAs?$AAy?$AAn?$AAc?$AAh?$AA?9?$AAl?$AA1?$AA?9?$AA2?$AA?9?$AA0?$AA?$AA@ 0000000180011390     libvcruntime:winapi_downlevel.obj
 0002:000003d0       ??_C@_1BC@GDMECMAK@?$AAk?$AAe?$AAr?$AAn?$AAe?$AAl?$AA3?$AA2?$AA?$AA@ 00000001800113d0     libvcruntime:winapi_downlevel.obj
 0002:000003f0       ??_C@_08KNHFBNJ@FlsAlloc?$AA@ 00000001800113f0     libvcruntime:winapi_downlevel.obj
 0002:00000408       ??_C@_07PEJMOBNF@FlsFree?$AA@ 0000000180011408     libvcruntime:winapi_downlevel.obj
 0002:00000418       ??_C@_0M@GDNOONDI@FlsGetValue?$AA@ 0000000180011418     libvcruntime:winapi_downlevel.obj
 0002:00000430       ??_C@_0M@JCPCPOEF@FlsSetValue?$AA@ 0000000180011430     libvcruntime:winapi_downlevel.obj
 0002:00000448       ??_C@_0BM@HCFOFFN@InitializeCriticalSectionEx?$AA@ 0000000180011448     libvcruntime:winapi_downlevel.obj
 0002:00000790       ??_C@_08EHJDFFNH@__based?$CI?$AA@ 0000000180011790     libvcruntime:undname.obj
 0002:000007a0       ??_C@_07KOLFKCDI@__cdecl?$AA@ 00000001800117a0     libvcruntime:undname.obj
 0002:000007a8       ??_C@_08GHMPAG@__pascal?$AA@ 00000001800117a8     libvcruntime:undname.obj
 0002:000007b8       ??_C@_09IFJBGAPI@__stdcall?$AA@ 00000001800117b8     libvcruntime:undname.obj
 0002:000007c8       ??_C@_0L@NPHFGOKO@__thiscall?$AA@ 00000001800117c8     libvcruntime:undname.obj
 0002:000007d8       ??_C@_0L@JMKHOMEK@__fastcall?$AA@ 00000001800117d8     libvcruntime:undname.obj
 0002:000007e8       ??_C@_0N@BCKKPABJ@__vectorcall?$AA@ 00000001800117e8     libvcruntime:undname.obj
 0002:000007f8       ??_C@_09HIJEGCPM@__clrcall?$AA@ 00000001800117f8     libvcruntime:undname.obj
 0002:00000804       ??_C@_06GHPCKEAG@__eabi?$AA@ 0000000180011804     libvcruntime:undname.obj
 0002:00000810       ??_C@_07JOMMBBKO@__ptr64?$AA@ 0000000180011810     libvcruntime:undname.obj
 0002:00000818       ??_C@_0L@PILCLIHE@__restrict?$AA@ 0000000180011818     libvcruntime:undname.obj
 0002:00000828       ??_C@_0M@GFIIJFMG@__unaligned?$AA@ 0000000180011828     libvcruntime:undname.obj
 0002:00000838       ??_C@_09DHDLOLLB@restrict?$CI?$AA@ 0000000180011838     libvcruntime:undname.obj
 0002:00000842       ??_C@_00CNPNBAHC@?$AA@     0000000180011842     libvcruntime:undname.obj
 0002:00000844       ??_C@_04NIHEBCM@?5new?$AA@ 0000000180011844     libvcruntime:undname.obj
 0002:00000850       ??_C@_07FPCDHGMM@?5delete?$AA@ 0000000180011850     libvcruntime:undname.obj
 0002:00000858       ??_C@_01NEMOKFLO@?$DN?$AA@ 0000000180011858     libvcruntime:undname.obj
 0002:0000085c       ??_C@_02GPIOPFAK@?$DO?$DO?$AA@ 000000018001185c     libvcruntime:undname.obj
 0002:00000860       ??_C@_02FODMEDOG@?$DM?$DM?$AA@ 0000000180011860     libvcruntime:undname.obj
 0002:00000864       ??_C@_01DCLJPIOD@?$CB?$AA@ 0000000180011864     libvcruntime:undname.obj
 0002:00000868       ??_C@_02EGOFBIJA@?$DN?$DN?$AA@ 0000000180011868     libvcruntime:undname.obj
 0002:0000086c       ??_C@_02FDNJECIE@?$CB?$DN?$AA@ 000000018001186c     libvcruntime:undname.obj
 0002:00000870       ??_C@_02GPECMEKF@?$FL?$FN?$AA@ 0000000180011870     libvcruntime:undname.obj
 0002:00000878       ??_C@_08LHJFAFGD@operator?$AA@ 0000000180011878     libvcruntime:undname.obj
 0002:00000884       ??_C@_02HBOOOICD@?9?$DO?$AA@ 0000000180011884     libvcruntime:undname.obj
 0002:00000888       ??_C@_01NBENCBCI@?$CK?$AA@ 0000000180011888     libvcruntime:undname.obj
 0002:0000088c       ??_C@_02ECNGHCIF@?$CL?$CL?$AA@ 000000018001188c     libvcruntime:undname.obj
 0002:00000890       ??_C@_02BAABKJLB@?9?9?$AA@ 0000000180011890     libvcruntime:undname.obj
 0002:00000894       ??_C@_01JOAMLHOP@?9?$AA@   0000000180011894     libvcruntime:undname.obj
 0002:00000898       ??_C@_01MIFGBAGJ@?$CL?$AA@ 0000000180011898     libvcruntime:undname.obj
 0002:0000089c       ??_C@_01HNPIGOCE@?$CG?$AA@ 000000018001189c     libvcruntime:undname.obj
 0002:000008a0       ??_C@_03MNHNFDLC@?9?$DO?$CK?$AA@ 00000001800118a0     libvcruntime:undname.obj
 0002:000008a4       ??_C@_01KMDKNFGN@?1?$AA@   00000001800118a4     libvcruntime:undname.obj
 0002:000008a8       ??_C@_01FGNFDNOH@?$CF?$AA@ 00000001800118a8     libvcruntime:undname.obj
 0002:000008ac       ??_C@_01MNNFJEPP@?$DM?$AA@ 00000001800118ac     libvcruntime:undname.obj
 0002:000008b0       ??_C@_02EHCHHCKH@?$DM?$DN?$AA@ 00000001800118b0     libvcruntime:undname.obj
 0002:000008b4       ??_C@_01PPODPGHN@?$DO?$AA@ 00000001800118b4     libvcruntime:undname.obj
 0002:000008b8       ??_C@_02EEKDKGMJ@?$DO?$DN?$AA@ 00000001800118b8     libvcruntime:undname.obj
 0002:000008bc       ??_C@_01IHBHIGKO@?0?$AA@   00000001800118bc     libvcruntime:undname.obj
 0002:000008c0       ??_C@_02HCKGKOFO@?$CI?$CJ?$AA@ 00000001800118c0     libvcruntime:undname.obj
 0002:000008c4       ??_C@_01PJKLJHI@?$HO?$AA@  00000001800118c4     libvcruntime:undname.obj
 0002:000008c8       ??_C@_01JKBOJNNK@?$FO?$AA@ 00000001800118c8     libvcruntime:undname.obj
 0002:000008cc       ??_C@_01DNKMNLPK@?$HM?$AA@ 00000001800118cc     libvcruntime:undname.obj
 0002:000008d0       ??_C@_02PPKAJPJL@?$CG?$CG?$AA@ 00000001800118d0     libvcruntime:undname.obj
 0002:000008d4       ??_C@_02NONPIBCD@?$HM?$HM?$AA@ 00000001800118d4     libvcruntime:undname.obj
 0002:000008d8       ??_C@_02FPIMKNGF@?$CK?$DN?$AA@ 00000001800118d8     libvcruntime:undname.obj
 0002:000008dc       ??_C@_02FOEOMHFC@?$CL?$DN?$AA@ 00000001800118dc     libvcruntime:undname.obj
 0002:000008e0       ??_C@_02FKMDLLOA@?9?$DN?$AA@ 00000001800118e0     libvcruntime:undname.obj
 0002:000008e4       ??_C@_02FJEHGPIO@?1?$DN?$AA@ 00000001800118e4     libvcruntime:undname.obj
 0002:000008e8       ??_C@_02FENAOKFI@?$CF?$DN?$AA@ 00000001800118e8     libvcruntime:undname.obj
 0002:000008ec       ??_C@_03IKFCCPFF@?$DO?$DO?$DN?$AA@ 00000001800118ec     libvcruntime:undname.obj
 0002:000008f0       ??_C@_03CDNPDDLA@?$DM?$DM?$DN?$AA@ 00000001800118f0     libvcruntime:undname.obj
 0002:000008f4       ??_C@_02FGJGFEAB@?$CG?$DN?$AA@ 00000001800118f4     libvcruntime:undname.obj
 0002:000008f8       ??_C@_02DHLNPPGH@?$HM?$DN?$AA@ 00000001800118f8     libvcruntime:undname.obj
 0002:000008fc       ??_C@_02MHEGNOJ@?$FO?$DN?$AA@ 00000001800118fc     libvcruntime:undname.obj
 0002:00000900       ??_C@_09IFPLHPGF@?$GAvftable?8?$AA@ 0000000180011900     libvcruntime:undname.obj
 0002:00000910       ??_C@_09BLBHBJP@?$GAvbtable?8?$AA@ 0000000180011910     libvcruntime:undname.obj
 0002:00000920       ??_C@_07FEEIOKP@?$GAvcall?8?$AA@ 0000000180011920     libvcruntime:undname.obj
 0002:00000928       ??_C@_08LLFFHHDJ@?$GAtypeof?8?$AA@ 0000000180011928     libvcruntime:undname.obj
 0002:00000938       ??_C@_0BF@KDPPACIK@?$GAlocal?5static?5guard?8?$AA@ 0000000180011938     libvcruntime:undname.obj
 0002:00000950       ??_C@_08OBABFOLI@?$GAstring?8?$AA@ 0000000180011950     libvcruntime:undname.obj
 0002:00000960       ??_C@_0BD@JDLKDPAB@?$GAvbase?5destructor?8?$AA@ 0000000180011960     libvcruntime:undname.obj
 0002:00000978       ??_C@_0BN@DEGPLNFK@?$GAvector?5deleting?5destructor?8?$AA@ 0000000180011978     libvcruntime:undname.obj
 0002:00000998       ??_C@_0BO@OBMKPJIG@?$GAdefault?5constructor?5closure?8?$AA@ 0000000180011998     libvcruntime:undname.obj
 0002:000009b8       ??_C@_0BN@IMDCHIKM@?$GAscalar?5deleting?5destructor?8?$AA@ 00000001800119b8     libvcruntime:undname.obj
 0002:000009d8       ??_C@_0BO@PFGOCPJJ@?$GAvector?5constructor?5iterator?8?$AA@ 00000001800119d8     libvcruntime:undname.obj
 0002:000009f8       ??_C@_0BN@LFPFMEDL@?$GAvector?5destructor?5iterator?8?$AA@ 00000001800119f8     libvcruntime:undname.obj
 0002:00000a18       ??_C@_0CE@IKBNEHA@?$GAvector?5vbase?5constructor?5iterat@ 0000000180011a18     libvcruntime:undname.obj
 0002:00000a40       ??_C@_0BL@NILFHHPC@?$GAvirtual?5displacement?5map?8?$AA@ 0000000180011a40     libvcruntime:undname.obj
 0002:00000a60       ??_C@_0CB@JONCMFFK@?$GAeh?5vector?5constructor?5iterator?8@ 0000000180011a60     libvcruntime:undname.obj
 0002:00000a88       ??_C@_0CA@GCEOPDGL@?$GAeh?5vector?5destructor?5iterator?8?$AA@ 0000000180011a88     libvcruntime:undname.obj
 0002:00000aa8       ??_C@_0CH@OOJPLCPH@?$GAeh?5vector?5vbase?5constructor?5ite@ 0000000180011aa8     libvcruntime:undname.obj
 0002:00000ad0       ??_C@_0BL@LLKPOHJI@?$GAcopy?5constructor?5closure?8?$AA@ 0000000180011ad0     libvcruntime:undname.obj
 0002:00000af0       ??_C@_0BA@KBCDOMBN@?$GAudt?5returning?8?$AA@ 0000000180011af0     libvcruntime:undname.obj
 0002:00000b00       ??_C@_03KLGMFNMG@?$GAEH?$AA@ 0000000180011b00     libvcruntime:undname.obj
 0002:00000b04       ??_C@_05KHLCHHI@?$GARTTI?$AA@ 0000000180011b04     libvcruntime:undname.obj
 0002:00000b10       ??_C@_0BA@KKLDJDLB@?$GAlocal?5vftable?8?$AA@ 0000000180011b10     libvcruntime:undname.obj
 0002:00000b20       ??_C@_0CE@IIHCMGGL@?$GAlocal?5vftable?5constructor?5closu@ 0000000180011b20     libvcruntime:undname.obj
 0002:00000b44       ??_C@_06FHBGPFGH@?5new?$FL?$FN?$AA@ 0000000180011b44     libvcruntime:undname.obj
 0002:00000b50       ??_C@_09LBNFPBCA@?5delete?$FL?$FN?$AA@ 0000000180011b50     libvcruntime:undname.obj
 0002:00000b60       ??_C@_0P@HJKNJFNN@?$GAomni?5callsig?8?$AA@ 0000000180011b60     libvcruntime:undname.obj
 0002:00000b70       ??_C@_0BL@CNOONJFP@?$GAplacement?5delete?5closure?8?$AA@ 0000000180011b70     libvcruntime:undname.obj
 0002:00000b90       ??_C@_0BN@CKNJLHMB@?$GAplacement?5delete?$FL?$FN?5closure?8?$AA@ 0000000180011b90     libvcruntime:undname.obj
 0002:00000bb0       ??_C@_0CG@CFDHKGGD@?$GAmanaged?5vector?5constructor?5iter@ 0000000180011bb0     libvcruntime:undname.obj
 0002:00000bd8       ??_C@_0CF@IMGKMJNO@?$GAmanaged?5vector?5destructor?5itera@ 0000000180011bd8     libvcruntime:undname.obj
 0002:00000c00       ??_C@_0CG@HLDDJMAG@?$GAeh?5vector?5copy?5constructor?5iter@ 0000000180011c00     libvcruntime:undname.obj
 0002:00000c28       ??_C@_0CM@FCBBDIGB@?$GAeh?5vector?5vbase?5copy?5constructo@ 0000000180011c28     libvcruntime:undname.obj
 0002:00000c58       ??_C@_0BL@CLIPGLGB@?$GAdynamic?5initializer?5for?5?8?$AA@ 0000000180011c58     libvcruntime:undname.obj
 0002:00000c78       ??_C@_0CB@PDBIFEP@?$GAdynamic?5atexit?5destructor?5for?5?8@ 0000000180011c78     libvcruntime:undname.obj
 0002:00000ca0       ??_C@_0CD@CGAJBKEJ@?$GAvector?5copy?5constructor?5iterato@ 0000000180011ca0     libvcruntime:undname.obj
 0002:00000cc8       ??_C@_0CJ@GJELGAMM@?$GAvector?5vbase?5copy?5constructor?5i@ 0000000180011cc8     libvcruntime:undname.obj
 0002:00000cf8       ??_C@_0CL@FGIJHLCE@?$GAmanaged?5vector?5copy?5constructor@ 0000000180011cf8     libvcruntime:undname.obj
 0002:00000d28       ??_C@_0BM@PMGGMLDN@?$GAlocal?5static?5thread?5guard?8?$AA@ 0000000180011d28     libvcruntime:undname.obj
 0002:00000d48       ??_C@_0N@BDNMDMOL@operator?5?$CC?$CC?5?$AA@ 0000000180011d48     libvcruntime:undname.obj
 0002:00000d58       ??_C@_0BC@DAFEJGAK@?5Type?5Descriptor?8?$AA@ 0000000180011d58     libvcruntime:undname.obj
 0002:00000d70       ??_C@_0BM@LDKODKLH@?5Base?5Class?5Descriptor?5at?5?$CI?$AA@ 0000000180011d70     libvcruntime:undname.obj
 0002:00000d90       ??_C@_0BD@LGICGFMM@?5Base?5Class?5Array?8?$AA@ 0000000180011d90     libvcruntime:undname.obj
 0002:00000da8       ??_C@_0BN@MECKDCOJ@?5Class?5Hierarchy?5Descriptor?8?$AA@ 0000000180011da8     libvcruntime:undname.obj
 0002:00000dc8       ??_C@_0BK@CFCOFLF@?5Complete?5Object?5Locator?8?$AA@ 0000000180011dc8     libvcruntime:undname.obj
 0002:00000df0       standard_lookup_table      0000000180011df0     libucrt:output.obj
 0002:00000e4c       ??_C@_06OJHGLDPL@?$CInull?$CJ?$AA@ 0000000180011e4c     libucrt:output.obj
 0002:00000e58       ??_C@_1O@CEDCILHN@?$AA?$CI?$AAn?$AAu?$AAl?$AAl?$AA?$CJ?$AA?$AA@ 0000000180011e58     libucrt:output.obj
 0002:00000e70       __acrt_exception_action_table 0000000180011e70     libucrt:exception_filter.obj
 0002:00000f30       __acrt_signal_action_table_count 0000000180011f30     libucrt:exception_filter.obj
 0002:00000f38       __acrt_signal_action_first_fpe_index 0000000180011f38     libucrt:exception_filter.obj
 0002:00000f40       __acrt_signal_action_fpe_count 0000000180011f40     libucrt:exception_filter.obj
 0002:00000f48       ??_C@_1BI@BGOHAHKC@?$AAm?$AAs?$AAc?$AAo?$AAr?$AAe?$AAe?$AA?4?$AAd?$AAl?$AAl?$AA?$AA@ 0000000180011f48     libucrt:exit.obj
 0002:00000f60       ??_C@_0P@MIGLKIOC@CorExitProcess?$AA@ 0000000180011f60     libucrt:exit.obj
 0002:000015c0       ??_C@_1EG@CNNIPFIM@?$AAa?$AAp?$AAi?$AA?9?$AAm?$AAs?$AA?9?$AAw?$AAi?$AAn?$AA?9?$AAa?$AAp?$AAp?$AAm?$AAo?$AAd?$AAe?$AAl?$AA?9?$AAr?$AAu?$AAn?$AAt?$AAi?$AAm?$AAe?$AA?9?$AAl?$AA1?$AA?9?$AA1@ 00000001800125c0     libucrt:winapi_thunks.obj
 0002:00001610       ??_C@_1EA@JGEFHKEI@?$AAa?$AAp?$AAi?$AA?9?$AAm?$AAs?$AA?9?$AAw?$AAi?$AAn?$AA?9?$AAc?$AAo?$AAr?$AAe?$AA?9?$AAd?$AAa?$AAt?$AAe?$AAt?$AAi?$AAm?$AAe?$AA?9?$AAl?$AA1?$AA?9?$AA1?$AA?9?$AA1?$AA?$AA@ 0000000180012610     libucrt:winapi_thunks.obj
 0002:00001650       ??_C@_1DI@GCIAAENM@?$AAa?$AAp?$AAi?$AA?9?$AAm?$AAs?$AA?9?$AAw?$AAi?$AAn?$AA?9?$AAc?$AAo?$AAr?$AAe?$AA?9?$AAf?$AAi?$AAl?$AAe?$AA?9?$AAl?$AA2?$AA?9?$AA1?$AA?9?$AA1?$AA?$AA@ 0000000180012650     libucrt:winapi_thunks.obj
 0002:00001690       ??_C@_1EI@MPIAOHOC@?$AAa?$AAp?$AAi?$AA?9?$AAm?$AAs?$AA?9?$AAw?$AAi?$AAn?$AA?9?$AAc?$AAo?$AAr?$AAe?$AA?9?$AAl?$AAo?$AAc?$AAa?$AAl?$AAi?$AAz?$AAa?$AAt?$AAi?$AAo?$AAn?$AA?9?$AAl?$AA1?$AA?9@ 0000000180012690     libucrt:winapi_thunks.obj
 0002:000016e0       ??_C@_1FK@FPHCKFIE@?$AAa?$AAp?$AAi?$AA?9?$AAm?$AAs?$AA?9?$AAw?$AAi?$AAn?$AA?9?$AAc?$AAo?$AAr?$AAe?$AA?9?$AAl?$AAo?$AAc?$AAa?$AAl?$AAi?$AAz?$AAa?$AAt?$AAi?$AAo?$AAn?$AA?9?$AAo?$AAb?$AAs@ 00000001800126e0     libucrt:winapi_thunks.obj
 0002:00001740       ??_C@_1EM@DILCGIIO@?$AAa?$AAp?$AAi?$AA?9?$AAm?$AAs?$AA?9?$AAw?$AAi?$AAn?$AA?9?$AAc?$AAo?$AAr?$AAe?$AA?9?$AAp?$AAr?$AAo?$AAc?$AAe?$AAs?$AAs?$AAt?$AAh?$AAr?$AAe?$AAa?$AAd?$AAs?$AA?9?$AAl@ 0000000180012740     libucrt:winapi_thunks.obj
 0002:00001790       ??_C@_1DM@LNCGDDPN@?$AAa?$AAp?$AAi?$AA?9?$AAm?$AAs?$AA?9?$AAw?$AAi?$AAn?$AA?9?$AAc?$AAo?$AAr?$AAe?$AA?9?$AAs?$AAt?$AAr?$AAi?$AAn?$AAg?$AA?9?$AAl?$AA1?$AA?9?$AA1?$AA?9?$AA0?$AA?$AA@ 0000000180012790     libucrt:winapi_thunks.obj
 0002:000017d0       ??_C@_1DO@FPAPJEMD@?$AAa?$AAp?$AAi?$AA?9?$AAm?$AAs?$AA?9?$AAw?$AAi?$AAn?$AA?9?$AAc?$AAo?$AAr?$AAe?$AA?9?$AAs?$AAy?$AAs?$AAi?$AAn?$AAf?$AAo?$AA?9?$AAl?$AA1?$AA?9?$AA2?$AA?9?$AA1?$AA?$AA@ 00000001800127d0     libucrt:winapi_thunks.obj
 0002:00001810       ??_C@_1DK@NDHNAHIO@?$AAa?$AAp?$AAi?$AA?9?$AAm?$AAs?$AA?9?$AAw?$AAi?$AAn?$AA?9?$AAc?$AAo?$AAr?$AAe?$AA?9?$AAw?$AAi?$AAn?$AAr?$AAt?$AA?9?$AAl?$AA1?$AA?9?$AA1?$AA?9?$AA0?$AA?$AA@ 0000000180012810     libucrt:winapi_thunks.obj
 0002:00001850       ??_C@_1DM@KGHDGBCM@?$AAa?$AAp?$AAi?$AA?9?$AAm?$AAs?$AA?9?$AAw?$AAi?$AAn?$AA?9?$AAc?$AAo?$AAr?$AAe?$AA?9?$AAx?$AAs?$AAt?$AAa?$AAt?$AAe?$AA?9?$AAl?$AA2?$AA?9?$AA1?$AA?9?$AA0?$AA?$AA@ 0000000180012850     libucrt:winapi_thunks.obj
 0002:00001890       ??_C@_1EO@IJIOEFOH@?$AAa?$AAp?$AAi?$AA?9?$AAm?$AAs?$AA?9?$AAw?$AAi?$AAn?$AA?9?$AAr?$AAt?$AAc?$AAo?$AAr?$AAe?$AA?9?$AAn?$AAt?$AAu?$AAs?$AAe?$AAr?$AA?9?$AAw?$AAi?$AAn?$AAd?$AAo?$AAw?$AA?9@ 0000000180012890     libucrt:winapi_thunks.obj
 0002:000018e0       ??_C@_1FG@HHGEKANL@?$AAa?$AAp?$AAi?$AA?9?$AAm?$AAs?$AA?9?$AAw?$AAi?$AAn?$AA?9?$AAs?$AAe?$AAc?$AAu?$AAr?$AAi?$AAt?$AAy?$AA?9?$AAs?$AAy?$AAs?$AAt?$AAe?$AAm?$AAf?$AAu?$AAn?$AAc?$AAt?$AAi@ 00000001800128e0     libucrt:winapi_thunks.obj
 0002:00001940       ??_C@_1FG@NCKKOLKO@?$AAe?$AAx?$AAt?$AA?9?$AAm?$AAs?$AA?9?$AAw?$AAi?$AAn?$AA?9?$AAk?$AAe?$AAr?$AAn?$AAe?$AAl?$AA3?$AA2?$AA?9?$AAp?$AAa?$AAc?$AAk?$AAa?$AAg?$AAe?$AA?9?$AAc?$AAu?$AAr?$AAr@ 0000000180012940     libucrt:winapi_thunks.obj
 0002:000019a0       ??_C@_1EG@DBIOJECG@?$AAe?$AAx?$AAt?$AA?9?$AAm?$AAs?$AA?9?$AAw?$AAi?$AAn?$AA?9?$AAn?$AAt?$AAu?$AAs?$AAe?$AAr?$AA?9?$AAd?$AAi?$AAa?$AAl?$AAo?$AAg?$AAb?$AAo?$AAx?$AA?9?$AAl?$AA1?$AA?9?$AA1@ 00000001800129a0     libucrt:winapi_thunks.obj
 0002:000019f0       ??_C@_1EO@FIHMJCLF@?$AAe?$AAx?$AAt?$AA?9?$AAm?$AAs?$AA?9?$AAw?$AAi?$AAn?$AA?9?$AAn?$AAt?$AAu?$AAs?$AAe?$AAr?$AA?9?$AAw?$AAi?$AAn?$AAd?$AAo?$AAw?$AAs?$AAt?$AAa?$AAt?$AAi?$AAo?$AAn?$AA?9@ 00000001800129f0     libucrt:winapi_thunks.obj
 0002:00001a40       ??_C@_1O@BCCLBEOE@?$AAu?$AAs?$AAe?$AAr?$AA3?$AA2?$AA?$AA@ 0000000180012a40     libucrt:winapi_thunks.obj
 0002:00001a78       ??_C@_0BE@JOGNEJCI@GetCurrentPackageId?$AA@ 0000000180012a78     libucrt:winapi_thunks.obj
 0002:00001aa0       ??_C@_0O@KKBNKAPF@LCMapStringEx?$AA@ 0000000180012aa0     libucrt:winapi_thunks.obj
 0002:00001ab8       ??_C@_0BB@HBDEELFH@LocaleNameToLCID?$AA@ 0000000180012ab8     libucrt:winapi_thunks.obj
 0002:00001acc       ??_C@_03OEIAHPBN@INF?$AA@  0000000180012acc     libucrt:cvt.obj
 0002:00001ad0       ??_C@_03OJHLLCGB@inf?$AA@  0000000180012ad0     libucrt:cvt.obj
 0002:00001ad4       ??_C@_03LKNCIKJB@NAN?$AA@  0000000180012ad4     libucrt:cvt.obj
 0002:00001ad8       ??_C@_03LHCJEHON@nan?$AA@  0000000180012ad8     libucrt:cvt.obj
 0002:00001ae0       ??_C@_09OFJJIMPC@NAN?$CISNAN?$CJ?$AA@ 0000000180012ae0     libucrt:cvt.obj
 0002:00001af0       ??_C@_09IPFBKMDL@nan?$CIsnan?$CJ?$AA@ 0000000180012af0     libucrt:cvt.obj
 0002:00001b00       ??_C@_08IKHNHAJ@NAN?$CIIND?$CJ?$AA@ 0000000180012b00     libucrt:cvt.obj
 0002:00001b10       ??_C@_08OFCDMILK@nan?$CIind?$CJ?$AA@ 0000000180012b10     libucrt:cvt.obj
 0002:00001b1c       ??_C@_05KLBDPFGC@e?$CL000?$AA@ 0000000180012b1c     libucrt:cvt.obj
 0002:00001b30       __lc_time_c                0000000180012b30     libucrt:nlsdata.obj
 0002:00001df0       ??_C@_03KOEHGMDN@Sun?$AA@  0000000180012df0     libucrt:nlsdata.obj
 0002:00001df4       ??_C@_03PDAGKDH@Mon?$AA@   0000000180012df4     libucrt:nlsdata.obj
 0002:00001df8       ??_C@_03NAGEINEP@Tue?$AA@  0000000180012df8     libucrt:nlsdata.obj
 0002:00001dfc       ??_C@_03MHOMLAJA@Wed?$AA@  0000000180012dfc     libucrt:nlsdata.obj
 0002:00001e00       ??_C@_03IOFIKPDN@Thu?$AA@  0000000180012e00     libucrt:nlsdata.obj
 0002:00001e04       ??_C@_03IDIOELNC@Fri?$AA@  0000000180012e04     libucrt:nlsdata.obj
 0002:00001e08       ??_C@_03FEFJNEK@Sat?$AA@   0000000180012e08     libucrt:nlsdata.obj
 0002:00001e0c       ??_C@_06OOPIFAJ@Sunday?$AA@ 0000000180012e0c     libucrt:nlsdata.obj
 0002:00001e14       ??_C@_06JLEDEDGH@Monday?$AA@ 0000000180012e14     libucrt:nlsdata.obj
 0002:00001e20       ??_C@_07BAAGCFCM@Tuesday?$AA@ 0000000180012e20     libucrt:nlsdata.obj
 0002:00001e28       ??_C@_09DLIGFAKA@Wednesday?$AA@ 0000000180012e28     libucrt:nlsdata.obj
 0002:00001e38       ??_C@_08HACCIKIA@Thursday?$AA@ 0000000180012e38     libucrt:nlsdata.obj
 0002:00001e44       ??_C@_06JECMNKMI@Friday?$AA@ 0000000180012e44     libucrt:nlsdata.obj
 0002:00001e50       ??_C@_08INBOOONO@Saturday?$AA@ 0000000180012e50     libucrt:nlsdata.obj
 0002:00001e5c       ??_C@_03JIHJHPIE@Jan?$AA@  0000000180012e5c     libucrt:nlsdata.obj
 0002:00001e60       ??_C@_03HJBDCHOM@Feb?$AA@  0000000180012e60     libucrt:nlsdata.obj
 0002:00001e64       ??_C@_03ODNJBKGA@Mar?$AA@  0000000180012e64     libucrt:nlsdata.obj
 0002:00001e68       ??_C@_03LEOLGMJP@Apr?$AA@  0000000180012e68     libucrt:nlsdata.obj
 0002:00001e6c       ??_C@_03CNMDKL@May?$AA@    0000000180012e6c     libucrt:nlsdata.obj
 0002:00001e70       ??_C@_03IDFGHECI@Jun?$AA@  0000000180012e70     libucrt:nlsdata.obj
 0002:00001e74       ??_C@_03LBGABGKK@Jul?$AA@  0000000180012e74     libucrt:nlsdata.obj
 0002:00001e78       ??_C@_03IFJFEIGA@Aug?$AA@  0000000180012e78     libucrt:nlsdata.obj
 0002:00001e7c       ??_C@_03GGCAPAJC@Sep?$AA@  0000000180012e7c     libucrt:nlsdata.obj
 0002:00001e80       ??_C@_03BMAOKBAD@Oct?$AA@  0000000180012e80     libucrt:nlsdata.obj
 0002:00001e84       ??_C@_03JPJOFNIA@Nov?$AA@  0000000180012e84     libucrt:nlsdata.obj
 0002:00001e88       ??_C@_03MKABNOCG@Dec?$AA@  0000000180012e88     libucrt:nlsdata.obj
 0002:00001e90       ??_C@_07CGJPFGJA@January?$AA@ 0000000180012e90     libucrt:nlsdata.obj
 0002:00001e98       ??_C@_08GNJGEPFN@February?$AA@ 0000000180012e98     libucrt:nlsdata.obj
 0002:00001ea4       ??_C@_05HPCKOFNC@March?$AA@ 0000000180012ea4     libucrt:nlsdata.obj
 0002:00001eac       ??_C@_05DMJDNLEJ@April?$AA@ 0000000180012eac     libucrt:nlsdata.obj
 0002:00001eb4       ??_C@_04CNLMGBGM@June?$AA@ 0000000180012eb4     libucrt:nlsdata.obj
 0002:00001ebc       ??_C@_04MIEPOIFP@July?$AA@ 0000000180012ebc     libucrt:nlsdata.obj
 0002:00001ec4       ??_C@_06LBBHFDDG@August?$AA@ 0000000180012ec4     libucrt:nlsdata.obj
 0002:00001ed0       ??_C@_09BHHEALKD@September?$AA@ 0000000180012ed0     libucrt:nlsdata.obj
 0002:00001ee0       ??_C@_07JJNFCEND@October?$AA@ 0000000180012ee0     libucrt:nlsdata.obj
 0002:00001ee8       ??_C@_08HCHEGEOA@November?$AA@ 0000000180012ee8     libucrt:nlsdata.obj
 0002:00001ef8       ??_C@_08EDHMEBNP@December?$AA@ 0000000180012ef8     libucrt:nlsdata.obj
 0002:00001f04       ??_C@_02DEDBPAFC@AM?$AA@   0000000180012f04     libucrt:nlsdata.obj
 0002:00001f08       ??_C@_02CJNFDJBF@PM?$AA@   0000000180012f08     libucrt:nlsdata.obj
 0002:00001f10       ??_C@_08BPBNCDIB@MM?1dd?1yy?$AA@ 0000000180012f10     libucrt:nlsdata.obj
 0002:00001f20       ??_C@_0BE@CKGJFCPC@dddd?0?5MMMM?5dd?0?5yyyy?$AA@ 0000000180012f20     libucrt:nlsdata.obj
 0002:00001f38       ??_C@_08JCCMCCIL@HH?3mm?3ss?$AA@ 0000000180012f38     libucrt:nlsdata.obj
 0002:00001f48       ??_C@_17MBGCMIPB@?$AAS?$AAu?$AAn?$AA?$AA@ 0000000180012f48     libucrt:nlsdata.obj
 0002:00001f50       ??_C@_17KBOMKBF@?$AAM?$AAo?$AAn?$AA?$AA@ 0000000180012f50     libucrt:nlsdata.obj
 0002:00001f58       ??_C@_17BMKGEGOJ@?$AAT?$AAu?$AAe?$AA?$AA@ 0000000180012f58     libucrt:nlsdata.obj
 0002:00001f60       ??_C@_17CJEDCEPE@?$AAW?$AAe?$AAd?$AA?$AA@ 0000000180012f60     libucrt:nlsdata.obj
 0002:00001f68       ??_C@_17PDPHAADD@?$AAT?$AAh?$AAu?$AA?$AA@ 0000000180012f68     libucrt:nlsdata.obj
 0002:00001f70       ??_C@_17HFOLPPLP@?$AAF?$AAr?$AAi?$AA?$AA@ 0000000180012f70     libucrt:nlsdata.obj
 0002:00001f78       ??_C@_17GGIBDPIH@?$AAS?$AAa?$AAt?$AA?$AA@ 0000000180012f78     libucrt:nlsdata.obj
 0002:00001f80       ??_C@_1O@IHNHDHPB@?$AAS?$AAu?$AAn?$AAd?$AAa?$AAy?$AA?$AA@ 0000000180012f80     libucrt:nlsdata.obj
 0002:00001f90       ??_C@_1O@MMNBFLIA@?$AAM?$AAo?$AAn?$AAd?$AAa?$AAy?$AA?$AA@ 0000000180012f90     libucrt:nlsdata.obj
 0002:00001fa0       ??_C@_1BA@ENFBFFEK@?$AAT?$AAu?$AAe?$AAs?$AAd?$AAa?$AAy?$AA?$AA@ 0000000180012fa0     libucrt:nlsdata.obj
 0002:00001fb0       ??_C@_1BE@EBOGMDOH@?$AAW?$AAe?$AAd?$AAn?$AAe?$AAs?$AAd?$AAa?$AAy?$AA?$AA@ 0000000180012fb0     libucrt:nlsdata.obj
 0002:00001fc8       ??_C@_1BC@HHMNLIHE@?$AAT?$AAh?$AAu?$AAr?$AAs?$AAd?$AAa?$AAy?$AA?$AA@ 0000000180012fc8     libucrt:nlsdata.obj
 0002:00001fe0       ??_C@_1O@PDICJHAG@?$AAF?$AAr?$AAi?$AAd?$AAa?$AAy?$AA?$AA@ 0000000180012fe0     libucrt:nlsdata.obj
 0002:00001ff0       ??_C@_1BC@ENMNNPAJ@?$AAS?$AAa?$AAt?$AAu?$AAr?$AAd?$AAa?$AAy?$AA?$AA@ 0000000180012ff0     libucrt:nlsdata.obj
 0002:00002008       ??_C@_17DKNBKCHM@?$AAJ?$AAa?$AAn?$AA?$AA@ 0000000180013008     libucrt:nlsdata.obj
 0002:00002010       ??_C@_17LMDJEKJN@?$AAF?$AAe?$AAb?$AA?$AA@ 0000000180013010     libucrt:nlsdata.obj
 0002:00002018       ??_C@_17CKNLEDEC@?$AAM?$AAa?$AAr?$AA?$AA@ 0000000180013018     libucrt:nlsdata.obj
 0002:00002020       ??_C@_17LFPOIHDD@?$AAA?$AAp?$AAr?$AA?$AA@ 0000000180013020     libucrt:nlsdata.obj
 0002:00002028       ??_C@_17PNNKMEED@?$AAM?$AAa?$AAy?$AA?$AA@ 0000000180013028     libucrt:nlsdata.obj
 0002:00002030       ??_C@_17KCJGOCPB@?$AAJ?$AAu?$AAn?$AA?$AA@ 0000000180013030     libucrt:nlsdata.obj
 0002:00002038       ??_C@_17IJPCKHK@?$AAJ?$AAu?$AAl?$AA?$AA@ 0000000180013038     libucrt:nlsdata.obj
 0002:00002040       ??_C@_17ICPELBCN@?$AAA?$AAu?$AAg?$AA?$AA@ 0000000180013040     libucrt:nlsdata.obj
 0002:00002048       ??_C@_17HCHCOKMG@?$AAS?$AAe?$AAp?$AA?$AA@ 0000000180013048     libucrt:nlsdata.obj
 0002:00002050       ??_C@_17FNLKOI@?$AAO?$AAc?$AAt?$AA?$AA@ 0000000180013050     libucrt:nlsdata.obj
 0002:00002058       ??_C@_17BBDMLCIG@?$AAN?$AAo?$AAv?$AA?$AA@ 0000000180013058     libucrt:nlsdata.obj
 0002:00002060       ??_C@_17EGKACKIF@?$AAD?$AAe?$AAc?$AA?$AA@ 0000000180013060     libucrt:nlsdata.obj
 0002:00002068       ??_C@_1BA@EFMEIEBA@?$AAJ?$AAa?$AAn?$AAu?$AAa?$AAr?$AAy?$AA?$AA@ 0000000180013068     libucrt:nlsdata.obj
 0002:00002078       ??_C@_1BC@JGDDFFAM@?$AAF?$AAe?$AAb?$AAr?$AAu?$AAa?$AAr?$AAy?$AA?$AA@ 0000000180013078     libucrt:nlsdata.obj
 0002:00002090       ??_C@_1M@IKEENEDF@?$AAM?$AAa?$AAr?$AAc?$AAh?$AA?$AA@ 0000000180013090     libucrt:nlsdata.obj
 0002:000020a0       ??_C@_1M@GJNLMHFD@?$AAA?$AAp?$AAr?$AAi?$AAl?$AA?$AA@ 00000001800130a0     libucrt:nlsdata.obj
 0002:000020b0       ??_C@_19EPFLPGAP@?$AAJ?$AAu?$AAn?$AAe?$AA?$AA@ 00000001800130b0     libucrt:nlsdata.obj
 0002:000020c0       ??_C@_19BIFMLPCD@?$AAJ?$AAu?$AAl?$AAy?$AA?$AA@ 00000001800130c0     libucrt:nlsdata.obj
 0002:000020d0       ??_C@_1O@PAHLKOAC@?$AAA?$AAu?$AAg?$AAu?$AAs?$AAt?$AA?$AA@ 00000001800130d0     libucrt:nlsdata.obj
 0002:000020e0       ??_C@_1BE@DKAAMBJL@?$AAS?$AAe?$AAp?$AAt?$AAe?$AAm?$AAb?$AAe?$AAr?$AA?$AA@ 00000001800130e0     libucrt:nlsdata.obj
 0002:000020f8       ??_C@_1BA@EPANDLNG@?$AAO?$AAc?$AAt?$AAo?$AAb?$AAe?$AAr?$AA?$AA@ 00000001800130f8     libucrt:nlsdata.obj
 0002:00002108       ??_C@_1BC@BGLIFPF@?$AAN?$AAo?$AAv?$AAe?$AAm?$AAb?$AAe?$AAr?$AA?$AA@ 0000000180013108     libucrt:nlsdata.obj
 0002:00002120       ??_C@_1BC@FEMKIFH@?$AAD?$AAe?$AAc?$AAe?$AAm?$AAb?$AAe?$AAr?$AA?$AA@ 0000000180013120     libucrt:nlsdata.obj
 0002:00002134       ??_C@_15ODEHAHHF@?$AAA?$AAM?$AA?$AA@ 0000000180013134     libucrt:nlsdata.obj
 0002:0000213c       ??_C@_15CLMNNGEL@?$AAP?$AAM?$AA?$AA@ 000000018001313c     libucrt:nlsdata.obj
 0002:00002148       ??_C@_1BC@IEBCMHCM@?$AAM?$AAM?$AA?1?$AAd?$AAd?$AA?1?$AAy?$AAy?$AA?$AA@ 0000000180013148     libucrt:nlsdata.obj
 0002:00002160       ??_C@_1CI@KNAKOEBC@?$AAd?$AAd?$AAd?$AAd?$AA?0?$AA?5?$AAM?$AAM?$AAM?$AAM?$AA?5?$AAd?$AAd?$AA?0?$AA?5?$AAy?$AAy?$AAy?$AAy?$AA?$AA@ 0000000180013160     libucrt:nlsdata.obj
 0002:00002188       ??_C@_1BC@GDGBMEMK@?$AAH?$AAH?$AA?3?$AAm?$AAm?$AA?3?$AAs?$AAs?$AA?$AA@ 0000000180013188     libucrt:nlsdata.obj
 0002:000021a0       ??_C@_1M@BMHNFIME@?$AAe?$AAn?$AA?9?$AAU?$AAS?$AA?$AA@ 00000001800131a0     libucrt:nlsdata.obj
 0002:000021d0       ??_C@_1M@HPNHIDJI@?$AAj?$AAa?$AA?9?$AAJ?$AAP?$AA?$AA@ 00000001800131d0     libucrt:mbctype.obj
 0002:000021e0       ??_C@_1M@BIBDDEMK@?$AAz?$AAh?$AA?9?$AAC?$AAN?$AA?$AA@ 00000001800131e0     libucrt:mbctype.obj
 0002:000021f0       ??_C@_1M@JLOOOEGK@?$AAk?$AAo?$AA?9?$AAK?$AAR?$AA?$AA@ 00000001800131f0     libucrt:mbctype.obj
 0002:00002200       ??_C@_1M@CLNBBOPM@?$AAz?$AAh?$AA?9?$AAT?$AAW?$AA?$AA@ 0000000180013200     libucrt:mbctype.obj
 0002:00002210       ??_C@_1O@PNMIMBDD@?$AAC?$AAO?$AAN?$AAI?$AAN?$AA$?$AA?$AA@ 0000000180013210     libucrt:initconin.obj
 0002:00002220       __newctype                 0000000180013220     libucrt:ctype.obj
 0002:00002520       __newclmap                 0000000180013520     libucrt:ctype.obj
 0002:000026a0       __newcumap                 00000001800136a0     libucrt:ctype.obj
 0002:00003660       ??_C@_15EMKDOKLE@?$AAa?$AAr?$AA?$AA@ 0000000180014660     libucrt:lcidtoname_downlevel.obj
 0002:00003668       ??_C@_15KNPADPLH@?$AAb?$AAg?$AA?$AA@ 0000000180014668     libucrt:lcidtoname_downlevel.obj
 0002:00003670       ??_C@_15EDMHLDMO@?$AAc?$AAa?$AA?$AA@ 0000000180014670     libucrt:lcidtoname_downlevel.obj
 0002:00003678       ??_C@_1O@BPEAJADD@?$AAz?$AAh?$AA?9?$AAC?$AAH?$AAS?$AA?$AA@ 0000000180014678     libucrt:lcidtoname_downlevel.obj
 0002:00003688       ??_C@_15LJNHCMNK@?$AAc?$AAs?$AA?$AA@ 0000000180014688     libucrt:lcidtoname_downlevel.obj
 0002:00003690       ??_C@_15FOMCIDHG@?$AAd?$AAa?$AA?$AA@ 0000000180014690     libucrt:lcidtoname_downlevel.obj
 0002:00003698       ??_C@_15NBKABECB@?$AAd?$AAe?$AA?$AA@ 0000000180014698     libucrt:lcidtoname_downlevel.obj
 0002:000036a0       ??_C@_15GHPEIIAO@?$AAe?$AAl?$AA?$AA@ 00000001800146a0     libucrt:lcidtoname_downlevel.obj
[...]
 0004:00000a14       $pdata$__acrt_execute_uninitializers 000000018001da14     libucrt:shared_initialization.obj
 0004:00000a20       $pdata$_callnewh           000000018001da20     libucrt:new_handler.obj
 0004:00000a2c       $pdata$_query_new_handler  000000018001da2c     libucrt:new_handler.obj
 0004:00000a38       $pdata$??$?RV<lambda_c36588078e9f5dfd39652860aa6b3aaf>@@AEAV<lambda_ec61778202f4f5fc7e7711acc23c3bca>@@V<lambda_dc9d2797ccde5d239b4a0efae8ebd7db>@@@?$__crt_seh_guarded_call@P6AXH@Z@@QEAAP6AXH@Z$$QEAV<lambda_c36588078e9f5dfd39652860aa6b3aaf>@@AEAV<lambda_ec61778202f4f5fc7e7711acc23c3bca>@@$$QEAV<lambda_dc9d2797ccde5d239b4a0efae8ebd7db>@@@Z 000000018001da38     libucrt:signal.obj
 0004:00000a44       $pdata$__acrt_get_sigabrt_handler 000000018001da44     libucrt:signal.obj
 0004:00000a50       $pdata$raise               000000018001da50     libucrt:signal.obj
 0004:00000a5c       $pdata$__acrt_invoke_user_matherr 000000018001da5c     libucrt:matherr.obj
 0004:00000a68       $pdata$__dcrt_lowio_initialize_console_input 000000018001da68     libucrt:initconin.obj
 0004:00000a74       $pdata$__dcrt_terminate_console_input 000000018001da74     libucrt:initconin.obj
 0004:00000a80       $pdata$__pctype_func       000000018001da80     libucrt:ctype.obj
 0004:00000a8c       $pdata$_isctype_l          000000018001da8c     libucrt:isctype.obj
 0004:00000a98       $pdata$?GetTableIndexFromLocaleName@@YAHPEB_W@Z 000000018001da98     libucrt:lcidtoname_downlevel.obj
 0004:00000aa4       $pdata$__acrt_DownlevelLocaleNameToLCID 000000018001daa4     libucrt:lcidtoname_downlevel.obj
 0004:00000ab0       $pdata$_fclose_nolock      000000018001dab0     libucrt:fclose.obj
 0004:00000abc       $pdata$fclose              000000018001dabc     libucrt:fclose.obj
 0004:00000ac8       $pdata$??$?RV<lambda_b521505b218e5242e90febf6bfebc422>@@AEAV<lambda_6978c1fb23f02e42e1d9e99668cc68aa>@@V<lambda_314360699dd331753a4119843814e9a7>@@@?$__crt_seh_guarded_call@H@@QEAAH$$QEAV<lambda_b521505b218e5242e90febf6bfebc422>@@AEAV<lambda_6978c1fb23f02e42e1d9e99668cc68aa>@@$$QEAV<lambda_314360699dd331753a4119843814e9a7>@@@Z 000000018001dac8     libucrt:commit.obj
 0004:00000ad4       $pdata$_commit             000000018001dad4     libucrt:commit.obj
 0004:00000ae0       $pdata$?write_double_translated_ansi_nolock@@YA?AUwrite_result@?A0x9c548279@@HQEBDI@Z 000000018001dae0     libucrt:write.obj
 0004:00000aec       $pdata$?write_text_ansi_nolock@@YA?AUwrite_result@?A0x9c548279@@HQEBDI@Z 000000018001daec     libucrt:write.obj
 0004:00000af8       $pdata$?write_text_utf16le_nolock@@YA?AUwrite_result@?A0x9c548279@@HQEBDI@Z 000000018001daf8     libucrt:write.obj
 0004:00000b04       $pdata$?write_text_utf8_nolock@@YA?AUwrite_result@?A0x9c548279@@HQEBDI@Z 000000018001db04     libucrt:write.obj
 0004:00000b10       $pdata$_write              000000018001db10     libucrt:write.obj
 0004:00000b1c       $pdata$_write_nolock       000000018001db1c     libucrt:write.obj
 0004:00000b28       $pdata$__acrt_lowio_create_handle_array 000000018001db28     libucrt:osfinfo.obj
 0004:00000b34       $pdata$__acrt_lowio_destroy_handle_array 000000018001db34     libucrt:osfinfo.obj
 0004:00000b40       $pdata$__acrt_lowio_ensure_fh_exists 000000018001db40     libucrt:osfinfo.obj
 0004:00000b4c       $pdata$_free_osfhnd        000000018001db4c     libucrt:osfinfo.obj
 0004:00000b58       $pdata$_get_osfhandle      000000018001db58     libucrt:osfinfo.obj
 0004:00000b64       $pdata$_isleadbyte_l       000000018001db64     libucrt:_wctype.obj
 0004:00000b70       $pdata$?__acrt_LCMapStringA_stat@@YAHPEAU__crt_locale_pointers@@PEB_WKPEBDHPEADHHH@Z 000000018001db70     libucrt:lcmapstringa.obj
 0004:00000b7c       $pdata$__acrt_LCMapStringA 000000018001db7c     libucrt:lcmapstringa.obj
 0004:00000b88       $pdata$__acrt_free_locale  000000018001db88     libucrt:locale_refcounting.obj
 0004:00000b94       $pdata$__acrt_locale_free_lc_time_if_unreferenced 000000018001db94     libucrt:locale_refcounting.obj
 0004:00000ba0       $pdata$__acrt_release_locale_ref 000000018001dba0     libucrt:locale_refcounting.obj
 0004:00000bac       $pdata$__acrt_update_thread_locale_data 000000018001dbac     libucrt:locale_refcounting.obj
 0004:00000bb8       $pdata$_updatetlocinfoEx_nolock 000000018001dbb8     libucrt:locale_refcounting.obj
 0004:00000bc4       $pdata$__acrt_fp_strflt_to_string 000000018001dbc4     libucrt:_fptostr.obj
 0004:00000bd0       $pdata$?divide@__crt_strtox@@YA_KAEAUbig_integer@1@AEBU21@@Z 000000018001dbd0     libucrt:cfout.obj
 0004:00000bdc       $pdata$5$?divide@__crt_strtox@@YA_KAEAUbig_integer@1@AEBU21@@Z 000000018001dbdc     libucrt:cfout.obj
 0004:00000be8       $pdata$6$?divide@__crt_strtox@@YA_KAEAUbig_integer@1@AEBU21@@Z 000000018001dbe8     libucrt:cfout.obj
 0004:00000bf4       $pdata$__acrt_fltout       000000018001dbf4     libucrt:cfout.obj
 0004:00000c00       $pdata$memcpy_s            000000018001dc00     libucrt:cfout.obj
 0004:00000c0c       $pdata$??$write_buffer_nolock@D@@YA_NDV__crt_stdio_stream@@@Z 000000018001dc0c     libucrt:_flsbuf.obj
 0004:00000c18       $pdata$__acrt_stdio_flush_and_write_narrow_nolock 000000018001dc18     libucrt:_flsbuf.obj
 0004:00000c24       $pdata$_isatty             000000018001dc24     libucrt:isatty.obj
 0004:00000c30       $pdata$__acrt_locale_free_monetary 000000018001dc30     libucrt:initmon.obj
 0004:00000c3c       $pdata$__acrt_locale_free_numeric 000000018001dc3c     libucrt:initnum.obj
 0004:00000c48       $pdata$?free_crt_array_internal@@YAXQEAPEBX_K@Z 000000018001dc48     libucrt:inittime.obj
 0004:00000c54       $pdata$__acrt_locale_free_time 000000018001dc54     libucrt:inittime.obj
 0004:00000c60       $pdata$__acrt_GetStringTypeA 000000018001dc60     libucrt:getstringtypea.obj
 0004:00000c6c       $pdata$?shortsort@@YAXPEAD0_KP6AHPEBX2@Z@Z 000000018001dc6c     libucrt:qsort.obj
 0004:00000c78       $pdata$2$?shortsort@@YAXPEAD0_KP6AHPEBX2@Z@Z 000000018001dc78     libucrt:qsort.obj
 0004:00000c84       $pdata$3$?shortsort@@YAXPEAD0_KP6AHPEBX2@Z@Z 000000018001dc84     libucrt:qsort.obj
 0004:00000c90       $pdata$qsort               000000018001dc90     libucrt:qsort.obj
 0004:00000c9c       $pdata$4$qsort             000000018001dc9c     libucrt:qsort.obj
 0004:00000ca8       $pdata$5$qsort             000000018001dca8     libucrt:qsort.obj
 0004:00000cb4       $pdata$strncpy_s           000000018001dcb4     libucrt:strncpy_s.obj
 0004:00000cc0       $pdata$strpbrk             000000018001dcc0     libucrt:strpbrk.obj
 0004:00000ccc       $pdata$_mbsdec_l           000000018001dccc     libucrt:mbsdec.obj
 0004:00000cd8       $pdata$?initialize_multibyte@@YAHXZ 000000018001dcd8     libucrt:multibyte_initializer.obj
 0004:00000ce4       $pdata$_msize              000000018001dce4     libucrt:msize.obj
 0004:00000cf0       $pdata$_realloc_base       000000018001dcf0     libucrt:realloc_base.obj
 0004:00000cfc       $pdata$_putwch_nolock      000000018001dcfc     libucrt:putwch.obj
 0004:00000d08       $pdata$??$?RV<lambda_bfedae4ebbf01fab1bb6dcc6a9e276e0>@@AEAV<lambda_2fe9b910cf3cbf4a0ab98a02ba45b3ec>@@V<lambda_237c231691f317818eb88cc1d5d642d6>@@@?$__crt_seh_guarded_call@H@@QEAAH$$QEAV<lambda_bfedae4ebbf01fab1bb6dcc6a9e276e0>@@AEAV<lambda_2fe9b910cf3cbf4a0ab98a02ba45b3ec>@@$$QEAV<lambda_237c231691f317818eb88cc1d5d642d6>@@@Z 000000018001dd08     libucrt:close.obj
 0004:00000d14       $pdata$_close              000000018001dd14     libucrt:close.obj
 0004:00000d20       $pdata$_close_nolock       000000018001dd20     libucrt:close.obj
 0004:00000d2c       $pdata$??$common_lseek@_J@@YA_JH_JH@Z 000000018001dd2c     libucrt:lseek.obj
 0004:00000d38       $pdata$??$common_lseek_nolock@_J@@YA_JH_JH@Z 000000018001dd38     libucrt:lseek.obj
 0004:00000d44       $pdata$fegetenv            000000018001dd44     libucrt:fegetenv.obj
 0004:00000d50       $pdata$fesetenv            000000018001dd50     libucrt:fesetenv.obj
 0004:00000d5c       $pdata$feholdexcept        000000018001dd5c     libucrt:feholdexcept.obj
 0004:00000d74       $pdata$__acrt_stdio_allocate_buffer_nolock 000000018001dd74     libucrt:_getbuf.obj
 0004:00000d80       $pdata$__dcrt_lowio_initialize_console_output 000000018001dd80     libucrt:initcon.obj
 0004:00000d8c       $pdata$__dcrt_terminate_console_output 000000018001dd8c     libucrt:initcon.obj
 0004:00000d98       $pdata$_getfpcontrolword   000000018001dd98     libucrt:_fenvutils.obj
 0004:00000da4       $pdata$_getfpstatusword    000000018001dda4     libucrt:_fenvutils.obj
 0004:00000db0       $pdata$_setfpstatusword    000000018001ddb0     libucrt:_fenvutils.obj
 0004:00000dbc       $pdata$_clearfp            000000018001ddbc     libucrt:ieee.obj
 0004:00000dc8       $pdata$common_control87    000000018001ddc8     libucrt:ieee.obj
 0004:00000dd4       $pdata$_call_matherr       000000018001ddd4     libucrt:libm_error.obj
 0004:00000de0       $pdata$_exception_enabled  000000018001dde0     libucrt:libm_error.obj
 0004:00000dec       $pdata$_handle_error       000000018001ddec     libucrt:libm_error.obj
 0004:00000df8       $pdata$__acrt_initialize_fma3 000000018001ddf8     libucrt:fma3_available.obj
 0004:00000e04       $pdata$_log10_special      000000018001de04     libucrt:log_special.obj
 0004:00000e10       $pdata$_log_special_common 000000018001de10     libucrt:log_special.obj
 0004:00000e28       $pdata$_raise_exc          000000018001de28     libucrt:fpexcept.obj
 0004:00000e34       $pdata$_raise_exc_ex       000000018001de34     libucrt:fpexcept.obj
 0004:00000e40       $pdata$_set_errno_from_matherr 000000018001de40     libucrt:fpexcept.obj
 0004:00000e4c       $pdata$_clrfp              000000018001de4c     libucrt:fpctrl.obj
 0004:00000e58       $pdata$_ctrlfp             000000018001de58     libucrt:fpctrl.obj
 0004:00000e64       $pdata$_set_statfp         000000018001de64     libucrt:fpctrl.obj
 0004:00000e70       $pdata$_statfp             000000018001de70     libucrt:fpctrl.obj
 0004:00000e7c       $pdata$?DloadAcquireSectionWriteAccess@@YAXXZ 000000018001de7c     DelayImp:delayhlp.obj
 0004:00000e88       $pdata$?DloadGetSRWLockFunctionPointers@@YAEXZ 000000018001de88     DelayImp:delayhlp.obj
 0004:00000e94       $pdata$?DloadMakePermanentImageCommit@@YAXPEAX_K@Z 000000018001de94     DelayImp:delayhlp.obj
 0004:00000ea0       $pdata$?DloadObtainSection@@YAPEAXPEAK0@Z 000000018001dea0     DelayImp:delayhlp.obj
 0004:00000eac       $pdata$?DloadProtectSection@@YAXKPEAK@Z 000000018001deac     DelayImp:delayhlp.obj
 0004:00000eb8       $pdata$?DloadReleaseSectionWriteAccess@@YAXXZ 000000018001deb8     DelayImp:delayhlp.obj
 0004:00000ec4       $pdata$__delayLoadHelper2  000000018001dec4     DelayImp:delayhlp.obj
 0004:00000ed0       $pdata$_IsNonwritableInCurrentImage 000000018001ded0     LIBCMT:pesect.obj
 0004:00000edc       $pdata$__GSHandlerCheck    000000018001dedc     LIBCMT:_gshandler_.obj
 0004:00000ee8       $pdata$__GSHandlerCheckCommon 000000018001dee8     LIBCMT:_gshandler_.obj
 0004:00000ef4       $pdata$__GSHandlerCheck_SEH 000000018001def4     LIBCMT:_gshandlerseh_.obj
 0004:00000f18       $pdata$strrchr             000000018001df18     libvcruntime:strrchr.obj
 0004:00000f3c       $pdata$?fin$0@?0??dllmain_crt_process_attach@@YAHQEAUHINSTANCE__@@QEAX@Z@4HA 000000018001df3c     LIBCMT:dll_dllmain.obj
 0004:00000f48       $pdata$?fin$0@?0??dllmain_crt_process_detach@@YAH_N@Z@4HA 000000018001df48     LIBCMT:dll_dllmain.obj
 0004:00000f54       $pdata$?filt$0@?0??dllmain_dispatch@@YAHQEAUHINSTANCE__@@KQEAX@Z@4HA 000000018001df54     LIBCMT:dll_dllmain.obj
 0004:00000f60       $pdata$__scrt_is_nonwritable_in_current_image$filt$0 000000018001df60     LIBCMT:utility.obj
 0004:00000f6c       $pdata$?fin$0@?0???$?RV<lambda_aa279a7bcb127014629d5b1d62c7325d>@@AEAV<lambda_0a64b6a4deda75c01876f29c44fc5eb3>@@V<lambda_3323e69fbefe9d1a11713e670d47cdfa>@@@?$__crt_seh_guarded_call@H@@QEAAH$$QEAV<lambda_aa279a7bcb127014629d5b1d62c7325d>@@AEAV<lambda_0a64b6a4deda75c01876f29c44fc5eb3>@@$$QEAV<lambda_3323e69fbefe9d1a11713e670d47cdfa>@@@Z@4HA 000000018001df6c     libucrt:output.obj
 0004:00000f78       $pdata$?filt$0@?0??common_exit@@YAXHW4_crt_exit_cleanup_mode@@W4_crt_exit_return_mode@@@Z@4HA 000000018001df78     libucrt:exit.obj
 0004:00000f84       $pdata$?fin$1@?0??common_exit@@YAXHW4_crt_exit_cleanup_mode@@W4_crt_exit_return_mode@@@Z@4HA 000000018001df84     libucrt:exit.obj
 0004:00000f90       $pdata$?fin$0@?0???$?RV<lambda_e24bbb7b643b32fcea6fa61b31d4c984>@@AEAV<lambda_275893d493268fdec8709772e3fcec0e>@@V<lambda_9d71df4d7cf3f480f8d633942495c3b0>@@@?$__crt_seh_guarded_call@H@@QEAAH$$QEAV<lambda_e24bbb7b643b32fcea6fa61b31d4c984>@@AEAV<lambda_275893d493268fdec8709772e3fcec0e>@@$$QEAV<lambda_9d71df4d7cf3f480f8d633942495c3b0>@@@Z@4HA 000000018001df90     libucrt:onexit.obj
 0004:00000f9c       $pdata$_getch$fin$0        000000018001df9c     libucrt:getch.obj
 0004:00000fa8       $pdata$_getch_nolock$fin$0 000000018001dfa8     libucrt:getch.obj
 0004:00000fb4       $pdata$_fcloseall$fin$0    000000018001dfb4     libucrt:closeall.obj
 0004:00000fc0       $pdata$common_flush_all$fin$0 000000018001dfc0     libucrt:fflush.obj
 0004:00000fcc       $pdata$common_flush_all$fin$1 000000018001dfcc     libucrt:fflush.obj
 0004:00000fd8       $pdata$__acrt_update_thread_multibyte_data$fin$0 000000018001dfd8     libucrt:mbctype.obj
 0004:00000fe4       $pdata$_query_new_handler$fin$0 000000018001dfe4     libucrt:new_handler.obj
 0004:00000ff0       $pdata$?fin$0@?0???$?RV<lambda_5e887d1dcbef67a5eb4283622ba103bf>@@AEAV<lambda_4466841279450cc726390878d4a41900>@@V<lambda_341c25c0346d94847f1f3c463c57e077>@@@?$__crt_seh_guarded_call@X@@QEAAX$$QEAV<lambda_5e887d1dcbef67a5eb4283622ba103bf>@@AEAV<lambda_4466841279450cc726390878d4a41900>@@$$QEAV<lambda_341c25c0346d94847f1f3c463c57e077>@@@Z@4HA 000000018001dff0     libucrt:per_thread_data.obj
 0004:00000ff0       $pdata$?fin$0@?0???$?RV<lambda_c36588078e9f5dfd39652860aa6b3aaf>@@AEAV<lambda_ec61778202f4f5fc7e7711acc23c3bca>@@V<lambda_dc9d2797ccde5d239b4a0efae8ebd7db>@@@?$__crt_seh_guarded_call@P6AXH@Z@@QEAAP6AXH@Z$$QEAV<lambda_c36588078e9f5dfd39652860aa6b3aaf>@@AEAV<lambda_ec61778202f4f5fc7e7711acc23c3bca>@@$$QEAV<lambda_dc9d2797ccde5d239b4a0efae8ebd7db>@@@Z@4HA 000000018001dff0     libucrt:signal.obj
 0004:00000ff0       $pdata$?fin$0@?0???$?RV<lambda_b8c45f8f788dd370798f47cfe8ac3a86>@@AEAV<lambda_4e60a939b0d047cfe11ddc22648dfba9>@@V<lambda_332c3edc96d0294ec56c57d38c1cdfd5>@@@?$__crt_seh_guarded_call@H@@QEAAH$$QEAV<lambda_b8c45f8f788dd370798f47cfe8ac3a86>@@AEAV<lambda_4e60a939b0d047cfe11ddc22648dfba9>@@$$QEAV<lambda_332c3edc96d0294ec56c57d38c1cdfd5>@@@Z@4HA 000000018001dff0     libucrt:onexit.obj
 0004:00000ff0       $pdata$?fin$0@?0???$?RV<lambda_72d1df2b273a38828b1ce30cbf4cdab5>@@AEAV<lambda_876a65b173b8412d3a47c70a915b0cf4>@@V<lambda_41932305e351933ebe8f8be3ed8bb5dc>@@@?$__crt_seh_guarded_call@X@@QEAAX$$QEAV<lambda_72d1df2b273a38828b1ce30cbf4cdab5>@@AEAV<lambda_876a65b173b8412d3a47c70a915b0cf4>@@$$QEAV<lambda_41932305e351933ebe8f8be3ed8bb5dc>@@@Z@4HA 000000018001dff0     libucrt:per_thread_data.obj
 0004:00000ff0       $pdata$?fin$0@?0???$?RV<lambda_99476a1ad63dd22509b5d3e65b0ffc95>@@AEAV<lambda_ad1ced32f4ac17aa236e5ef05d6b3b7c>@@V<lambda_f7424dd8d45958661754dc4f2697e9c3>@@@?$__crt_seh_guarded_call@X@@QEAAX$$QEAV<lambda_99476a1ad63dd22509b5d3e65b0ffc95>@@AEAV<lambda_ad1ced32f4ac17aa236e5ef05d6b3b7c>@@$$QEAV<lambda_f7424dd8d45958661754dc4f2697e9c3>@@@Z@4HA 000000018001dff0     libucrt:mbctype.obj
 0004:00000ff0       $pdata$?fin$0@?0???$?RV<lambda_fb3a7dec4e47f37f22dae91bb15c9095>@@AEAV<lambda_698284760c8add0bfb0756c19673e34b>@@V<lambda_dfb8eca1e75fef3034a8fb18dd509707>@@@?$__crt_seh_guarded_call@X@@QEAAX$$QEAV<lambda_fb3a7dec4e47f37f22dae91bb15c9095>@@AEAV<lambda_698284760c8add0bfb0756c19673e34b>@@$$QEAV<lambda_dfb8eca1e75fef3034a8fb18dd509707>@@@Z@4HA 000000018001dff0     libucrt:per_thread_data.obj
 0004:00000ff0       $pdata$?fin$0@?0???$?RV<lambda_46352004c1216016012b18bd6f87e700>@@AEAV<lambda_3bd07e1a1191394380780325891bf33f>@@V<lambda_334532d3f185bcaa59b5be82d7d22bff>@@@?$__crt_seh_guarded_call@X@@QEAAX$$QEAV<lambda_46352004c1216016012b18bd6f87e700>@@AEAV<lambda_3bd07e1a1191394380780325891bf33f>@@$$QEAV<lambda_334532d3f185bcaa59b5be82d7d22bff>@@@Z@4HA 000000018001dff0     libucrt:per_thread_data.obj
 0004:00000ffc       $pdata$raise$fin$0         000000018001dffc     libucrt:signal.obj
 0004:00001008       $pdata$fclose$fin$0        000000018001e008     libucrt:fclose.obj
 0004:00001014       $pdata$?fin$0@?0???$?RV<lambda_bfedae4ebbf01fab1bb6dcc6a9e276e0>@@AEAV<lambda_2fe9b910cf3cbf4a0ab98a02ba45b3ec>@@V<lambda_237c231691f317818eb88cc1d5d642d6>@@@?$__crt_seh_guarded_call@H@@QEAAH$$QEAV<lambda_bfedae4ebbf01fab1bb6dcc6a9e276e0>@@AEAV<lambda_2fe9b910cf3cbf4a0ab98a02ba45b3ec>@@$$QEAV<lambda_237c231691f317818eb88cc1d5d642d6>@@@Z@4HA 000000018001e014     libucrt:close.obj
 0004:00001014       $pdata$?fin$0@?0???$?RV<lambda_b521505b218e5242e90febf6bfebc422>@@AEAV<lambda_6978c1fb23f02e42e1d9e99668cc68aa>@@V<lambda_314360699dd331753a4119843814e9a7>@@@?$__crt_seh_guarded_call@H@@QEAAH$$QEAV<lambda_b521505b218e5242e90febf6bfebc422>@@AEAV<lambda_6978c1fb23f02e42e1d9e99668cc68aa>@@$$QEAV<lambda_314360699dd331753a4119843814e9a7>@@@Z@4HA 000000018001e014     libucrt:commit.obj
 0004:00001020       $pdata$_write$fin$0        000000018001e020     libucrt:write.obj
 0004:00001020       $pdata$?fin$0@?0???$common_lseek@_J@@YA_JH_JH@Z@4HA 000000018001e020     libucrt:lseek.obj
 0004:0000102c       $pdata$__acrt_initialize_lowio$fin$0 000000018001e02c     libucrt:ioinit.obj
 0004:0000102c       $pdata$__acrt_lowio_ensure_fh_exists$fin$0 000000018001e02c     libucrt:osfinfo.obj
 0004:00001038       $pdata$__acrt_uninitialize_locale$fin$0 000000018001e038     libucrt:wsetlocale.obj
 0004:00001038       $pdata$__acrt_update_thread_locale_data$fin$0 000000018001e038     libucrt:locale_refcounting.obj
 0004:00001044       $pdata$_ctrlfp$filt$0      000000018001e044     libucrt:fpctrl.obj
 0004:00001044       $pdata$common_control87$filt$0 000000018001e044     libucrt:ieee.obj
 0004:00001050       $pdata$_IsNonwritableInCurrentImage$filt$0 000000018001e050     LIBCMT:pesect.obj
 0005:00000000       __guard_fids__             000000018001f000     libucrt:initialization.obj
 0005:00000060       __guard_fids__             000000018001f060     libucrt:stdio_initializer.obj
 0005:00000064       __guard_fids__             000000018001f064     libucrt:stdio_initializer.obj
 0005:00000068       __guard_fids___acrt_initialize_ptd 000000018001f068     libucrt:per_thread_data.obj
 0005:0000006c       __guard_fids_??$expand_argument_wildcards@D@@YAHQEAD0AEAV?$argument_list@D@?A0xca0879c4@@@Z 000000018001f06c     libucrt:argv_wildcards.obj
 0005:00000070       __guard_fids__             000000018001f070     libucrt:locale_initializer.obj
 0005:00000074       __guard_fids__             000000018001f074     libucrt:multibyte_initializer.obj
 0005:00000078       __guard_fids__             000000018001f078     libucrt:console_input_initializer.obj
 0005:0000007c       __guard_fids__             000000018001f07c     libucrt:console_output_initializer.obj
 0005:00000080       __guard_fids__             000000018001f080     libucrt:fma3_initializer.obj
 0005:00000084       __guard_fids_?dllmain_crt_process_attach@@YAHQEAUHINSTANCE__@@QEAX@Z 000000018001f084     LIBCMT:dll_dllmain.obj
 0005:0000008c       __guard_fids_?dllmain_dispatch@@YAHQEAUHINSTANCE__@@KQEAX@Z 000000018001f08c     LIBCMT:dll_dllmain.obj
 0005:00000090       __guard_fids__             000000018001f090     LIBCMT:guard_support.obj
 0005:00000094       __guard_fids___vcrt_initialize_ptd 000000018001f094     libvcruntime:per_thread_data.obj
 0006:00000060       $R000000                   0000000180020060     * linker generated manifest res *

 Exports

  ordinal    name

        1    _register_addon_
